<html>
<body>
<pre>
<h1>µVision Build Log</h1>
<h2>Tool Versions:</h2>
IDE-Version: ¦ÌVision V5.21.1.0
Copyright (C) 2016 ARM Ltd and ARM Germany GmbH. All rights reserved.
License Information: c jm, jm, LIC=03C6R-K3DJX-ARNXW-QTLYT-QB6KH-8RE8S
 
Tool Versions:
Toolchain:       MDK-ARM Plus  Version: 5.21a
Toolchain Path:  D:\Keil\ARM\ARMCC\Bin
C Compiler:      Armcc.exe V5.06 update 3 (build 300)
Assembler:       Armasm.exe V5.06 update 3 (build 300)
Linker/Locator:  ArmLink.exe V5.06 update 3 (build 300)
Library Manager: ArmAr.exe V5.06 update 3 (build 300)
Hex Converter:   FromElf.exe V5.06 update 3 (build 300)
CPU DLL:         SARMCM3.DLL V5.21a
Dialog DLL:      DCM.DLL V1.13.8.0
Target DLL:      Segger\JL2CM3.dll V2.99.23.0
Dialog DLL:      TCM.DLL V1.14.14.0
 
<h2>Project:</h2>
E:\DEMO_Pj\FOC\CJM\STM32G474_Lun\MDK-ARM\STM32G474_Lun.uvprojx
Project File Date:  03/02/2024

<h2>Output:</h2>
*** Using Compiler 'V5.06 update 3 (build 300)', folder: 'D:\Keil\ARM\ARMCC\Bin'
*** Note: Rebuilding project, since 'Options->Output->Create Batch File' is selected.
Rebuild target 'STM32G474_Lun'
assembling startup_stm32g474xx.s...
compiling main.c...
../Core/Src/main.c(143): warning:  #186-D: pointless comparison of unsigned integer with zero
                if(finalspeed >=0 && finalspeed <400)
../Core/Src/main.c(271): warning:  #177-D: variable "obsever_cnt" was declared but never referenced
        static uint16_t obsever_cnt;
../Core/Src/main.c: 2 warnings, 0 errors
compiling gpio.c...
compiling adc.c...
compiling dma.c...
compiling tim.c...
compiling usart.c...
compiling stm32g4xx_it.c...
compiling stm32g4xx_hal_msp.c...
compiling stm32g4xx_hal_adc.c...
compiling stm32g4xx_hal_adc_ex.c...
compiling stm32g4xx_ll_adc.c...
compiling stm32g4xx_hal.c...
compiling stm32g4xx_hal_rcc.c...
compiling stm32g4xx_hal_rcc_ex.c...
compiling stm32g4xx_hal_flash.c...
compiling stm32g4xx_hal_flash_ex.c...
compiling stm32g4xx_hal_flash_ramfunc.c...
compiling stm32g4xx_hal_gpio.c...
compiling stm32g4xx_hal_exti.c...
compiling stm32g4xx_hal_dma.c...
compiling stm32g4xx_hal_dma_ex.c...
compiling stm32g4xx_hal_pwr.c...
compiling stm32g4xx_hal_pwr_ex.c...
compiling stm32g4xx_hal_cortex.c...
compiling stm32g4xx_hal_tim.c...
compiling stm32g4xx_hal_tim_ex.c...
compiling stm32g4xx_hal_uart.c...
compiling stm32g4xx_hal_uart_ex.c...
compiling system_stm32g4xx.c...
compiling FOC_Model.c...
..\MATLAB\FOC_Model.c(1005): warning:  #1035-D: single-precision operand implicitly converted to double-precision
      if ((rtU.Speed_ref - rtb_Gain) + 20.0 > 0.0) {
..\MATLAB\FOC_Model.c(225): warning:  #177-D: function "rtIsInf" was declared but never referenced
  static boolean_T rtIsInf(real_T value)
..\MATLAB\FOC_Model.c(237): warning:  #177-D: function "rtIsNaN" was declared but never referenced
  static boolean_T rtIsNaN(real_T value)
..\MATLAB\FOC_Model.c: 3 warnings, 0 errors
compiling svpwm_clarke_park.c...
compiling user_uploader.c...
..\MATLAB\user_uploader.c(50): warning:  #1-D: last line of file ends without a newline
   
..\MATLAB\user_uploader.c: 1 warning, 0 errors
linking...
Program Size: Code=26088 RO-data=604 RW-data=152 ZI-data=2352  
FromELF: creating hex file...
"STM32G474_Lun\STM32G474_Lun.axf" - 0 Error(s), 6 Warning(s).

<h2>Software Packages used:</h2>

Package Vendor: ARM
                http://www.keil.com/pack/ARM.CMSIS.5.5.1.pack
                ARM::CMSIS:CORE:5.2.0
                CMSIS (Cortex Microcontroller Software Interface Standard)
   * Component: CORE Version: 5.2.0

<h2>Collection of Component include folders:</h2>
  E:\DEMO_Pj\FOC\CJM\STM32G474_Lun\MDK-ARM\RTE
  D:\Keil\ARM\PACK\ARM\CMSIS\5.5.1\CMSIS\Core\Include
  D:\Keil\ARM\PACK\Keil\STM32G4xx_DFP\1.5.0\Drivers\CMSIS\Device\ST\STM32G4xx\Include

<h2>Collection of Component Files used:</h2>

   * Component: ARM::CMSIS:CORE:5.2.0
Build Time Elapsed:  00:01:39
</pre>
</body>
</html>
