Component: ARM Compiler 5.06 update 3 (build 300) Tool: armlink [4d35c9]

==============================================================================

Section Cross References

    startup_stm32g474xx.o(STACK) refers (Special) to heapauxi.o(.text) for __use_two_region_memory
    startup_stm32g474xx.o(HEAP) refers (Special) to heapauxi.o(.text) for __use_two_region_memory
    startup_stm32g474xx.o(RESET) refers (Special) to heapauxi.o(.text) for __use_two_region_memory
    startup_stm32g474xx.o(RESET) refers to startup_stm32g474xx.o(STACK) for __initial_sp
    startup_stm32g474xx.o(RESET) refers to startup_stm32g474xx.o(.text) for Reset_Handler
    startup_stm32g474xx.o(RESET) refers to stm32g4xx_it.o(i.NMI_Handler) for NMI_Handler
    startup_stm32g474xx.o(RESET) refers to stm32g4xx_it.o(i.HardFault_Handler) for HardFault_Handler
    startup_stm32g474xx.o(RESET) refers to stm32g4xx_it.o(i.MemManage_Handler) for MemManage_Handler
    startup_stm32g474xx.o(RESET) refers to stm32g4xx_it.o(i.BusFault_Handler) for BusFault_Handler
    startup_stm32g474xx.o(RESET) refers to stm32g4xx_it.o(i.UsageFault_Handler) for UsageFault_Handler
    startup_stm32g474xx.o(RESET) refers to stm32g4xx_it.o(i.SVC_Handler) for SVC_Handler
    startup_stm32g474xx.o(RESET) refers to stm32g4xx_it.o(i.DebugMon_Handler) for DebugMon_Handler
    startup_stm32g474xx.o(RESET) refers to stm32g4xx_it.o(i.PendSV_Handler) for PendSV_Handler
    startup_stm32g474xx.o(RESET) refers to stm32g4xx_it.o(i.SysTick_Handler) for SysTick_Handler
    startup_stm32g474xx.o(RESET) refers to stm32g4xx_it.o(i.DMA1_Channel1_IRQHandler) for DMA1_Channel1_IRQHandler
    startup_stm32g474xx.o(RESET) refers to stm32g4xx_it.o(i.ADC1_2_IRQHandler) for ADC1_2_IRQHandler
    startup_stm32g474xx.o(RESET) refers to stm32g4xx_it.o(i.EXTI9_5_IRQHandler) for EXTI9_5_IRQHandler
    startup_stm32g474xx.o(RESET) refers to stm32g4xx_it.o(i.TIM1_BRK_TIM15_IRQHandler) for TIM1_BRK_TIM15_IRQHandler
    startup_stm32g474xx.o(RESET) refers to stm32g4xx_it.o(i.TIM1_UP_TIM16_IRQHandler) for TIM1_UP_TIM16_IRQHandler
    startup_stm32g474xx.o(RESET) refers to stm32g4xx_it.o(i.TIM1_CC_IRQHandler) for TIM1_CC_IRQHandler
    startup_stm32g474xx.o(RESET) refers to stm32g4xx_it.o(i.USART3_IRQHandler) for USART3_IRQHandler
    startup_stm32g474xx.o(.text) refers (Special) to heapauxi.o(.text) for __use_two_region_memory
    startup_stm32g474xx.o(.text) refers to system_stm32g4xx.o(i.SystemInit) for SystemInit
    startup_stm32g474xx.o(.text) refers to __main.o(!!!main) for __main
    startup_stm32g474xx.o(.text) refers to startup_stm32g474xx.o(HEAP) for Heap_Mem
    startup_stm32g474xx.o(.text) refers to startup_stm32g474xx.o(STACK) for Stack_Mem
    main.o(i.HAL_ADCEx_InjectedConvCpltCallback) refers to foc_model.o(i.FOC_Model_step) for FOC_Model_step
    main.o(i.HAL_ADCEx_InjectedConvCpltCallback) refers to user_uploader.o(i.Plot_Data_UpLoad) for Plot_Data_UpLoad
    main.o(i.HAL_ADCEx_InjectedConvCpltCallback) refers to adc.o(.bss) for hadc1
    main.o(i.HAL_ADCEx_InjectedConvCpltCallback) refers to main.o(.data) for .data
    main.o(i.HAL_ADCEx_InjectedConvCpltCallback) refers to foc_model.o(.bss) for rtU
    main.o(i.HAL_ADCEx_InjectedConvCpltCallback) refers to user_uploader.o(.data) for Frame_Data_type
    main.o(i.HAL_GPIO_EXTI_Callback) refers to stm32g4xx_hal_gpio.o(i.HAL_GPIO_TogglePin) for HAL_GPIO_TogglePin
    main.o(i.HAL_GPIO_EXTI_Callback) refers to stm32g4xx_hal_tim.o(i.HAL_TIM_PWM_Start) for HAL_TIM_PWM_Start
    main.o(i.HAL_GPIO_EXTI_Callback) refers to stm32g4xx_hal_tim_ex.o(i.HAL_TIMEx_PWMN_Start) for HAL_TIMEx_PWMN_Start
    main.o(i.HAL_GPIO_EXTI_Callback) refers to stm32g4xx_hal_tim.o(i.HAL_TIM_PWM_Stop) for HAL_TIM_PWM_Stop
    main.o(i.HAL_GPIO_EXTI_Callback) refers to stm32g4xx_hal_tim_ex.o(i.HAL_TIMEx_PWMN_Stop) for HAL_TIMEx_PWMN_Stop
    main.o(i.HAL_GPIO_EXTI_Callback) refers to main.o(.data) for .data
    main.o(i.HAL_GPIO_EXTI_Callback) refers to foc_model.o(.bss) for rtU
    main.o(i.HAL_GPIO_EXTI_Callback) refers to tim.o(.bss) for htim1
    main.o(i.SystemClock_Config) refers to rt_memclr_w.o(.text) for __aeabi_memclr4
    main.o(i.SystemClock_Config) refers to stm32g4xx_hal_pwr_ex.o(i.HAL_PWREx_ControlVoltageScaling) for HAL_PWREx_ControlVoltageScaling
    main.o(i.SystemClock_Config) refers to stm32g4xx_hal_rcc.o(i.HAL_RCC_OscConfig) for HAL_RCC_OscConfig
    main.o(i.SystemClock_Config) refers to stm32g4xx_hal_rcc.o(i.HAL_RCC_ClockConfig) for HAL_RCC_ClockConfig
    main.o(i.SystemClock_Config) refers to stm32g4xx_hal_rcc_ex.o(i.HAL_RCCEx_PeriphCLKConfig) for HAL_RCCEx_PeriphCLKConfig
    main.o(i.main) refers to stm32g4xx_hal.o(i.HAL_Init) for HAL_Init
    main.o(i.main) refers to main.o(i.SystemClock_Config) for SystemClock_Config
    main.o(i.main) refers to gpio.o(i.MX_GPIO_Init) for MX_GPIO_Init
    main.o(i.main) refers to adc.o(i.MX_ADC1_Init) for MX_ADC1_Init
    main.o(i.main) refers to dma.o(i.MX_DMA_Init) for MX_DMA_Init
[...]
    LL_ADC_GetOffsetChannel                  0x0800481b   Thumb Code    12  stm32g4xx_hal_adc_ex.o(i.LL_ADC_GetOffsetChannel)
    i.LL_ADC_INJ_IsConversionOngoing         0x08004826   Section        0  stm32g4xx_hal_adc.o(i.LL_ADC_INJ_IsConversionOngoing)
    LL_ADC_INJ_IsConversionOngoing           0x08004827   Thumb Code     8  stm32g4xx_hal_adc.o(i.LL_ADC_INJ_IsConversionOngoing)
    i.LL_ADC_INJ_IsConversionOngoing         0x0800482e   Section        0  stm32g4xx_hal_adc_ex.o(i.LL_ADC_INJ_IsConversionOngoing)
    LL_ADC_INJ_IsConversionOngoing           0x0800482f   Thumb Code     8  stm32g4xx_hal_adc_ex.o(i.LL_ADC_INJ_IsConversionOngoing)
    i.LL_ADC_REG_IsConversionOngoing         0x08004836   Section        0  stm32g4xx_hal_adc.o(i.LL_ADC_REG_IsConversionOngoing)
    LL_ADC_REG_IsConversionOngoing           0x08004837   Thumb Code     8  stm32g4xx_hal_adc.o(i.LL_ADC_REG_IsConversionOngoing)
    i.LL_ADC_REG_IsConversionOngoing         0x0800483e   Section        0  stm32g4xx_hal_adc_ex.o(i.LL_ADC_REG_IsConversionOngoing)
    LL_ADC_REG_IsConversionOngoing           0x0800483f   Thumb Code     8  stm32g4xx_hal_adc_ex.o(i.LL_ADC_REG_IsConversionOngoing)
    i.LL_ADC_REG_IsTriggerSourceSWStart      0x08004846   Section        0  stm32g4xx_hal_adc.o(i.LL_ADC_REG_IsTriggerSourceSWStart)
    LL_ADC_REG_IsTriggerSourceSWStart        0x08004847   Thumb Code    16  stm32g4xx_hal_adc.o(i.LL_ADC_REG_IsTriggerSourceSWStart)
    i.LL_ADC_SetChannelSamplingTime          0x08004856   Section        0  stm32g4xx_hal_adc.o(i.LL_ADC_SetChannelSamplingTime)
    LL_ADC_SetChannelSamplingTime            0x08004857   Thumb Code    30  stm32g4xx_hal_adc.o(i.LL_ADC_SetChannelSamplingTime)
    i.LL_ADC_SetChannelSamplingTime          0x08004874   Section        0  stm32g4xx_hal_adc_ex.o(i.LL_ADC_SetChannelSamplingTime)
    LL_ADC_SetChannelSamplingTime            0x08004875   Thumb Code    30  stm32g4xx_hal_adc_ex.o(i.LL_ADC_SetChannelSamplingTime)
    i.LL_ADC_SetOffsetState                  0x08004892   Section        0  stm32g4xx_hal_adc.o(i.LL_ADC_SetOffsetState)
    LL_ADC_SetOffsetState                    0x08004893   Thumb Code    16  stm32g4xx_hal_adc.o(i.LL_ADC_SetOffsetState)
    i.LL_ADC_SetOffsetState                  0x080048a2   Section        0  stm32g4xx_hal_adc_ex.o(i.LL_ADC_SetOffsetState)
    LL_ADC_SetOffsetState                    0x080048a3   Thumb Code    16  stm32g4xx_hal_adc_ex.o(i.LL_ADC_SetOffsetState)
    i.MX_ADC1_Init                           0x080048b4   Section        0  adc.o(i.MX_ADC1_Init)
    i.MX_ADC2_Init                           0x080049c4   Section        0  adc.o(i.MX_ADC2_Init)
    i.MX_DMA_Init                            0x08004a98   Section        0  dma.o(i.MX_DMA_Init)
    i.MX_GPIO_Init                           0x08004ad4   Section        0  gpio.o(i.MX_GPIO_Init)
    i.MX_TIM1_Init                           0x08004b7c   Section        0  tim.o(i.MX_TIM1_Init)
    i.MX_USART3_UART_Init                    0x08004c98   Section        0  usart.o(i.MX_USART3_UART_Init)
    i.MemManage_Handler                      0x08004d00   Section        0  stm32g4xx_it.o(i.MemManage_Handler)
    i.NMI_Handler                            0x08004d02   Section        0  stm32g4xx_it.o(i.NMI_Handler)
    i.PendSV_Handler                         0x08004d04   Section        0  stm32g4xx_it.o(i.PendSV_Handler)
    i.Plot_Data_UpLoad                       0x08004d08   Section        0  user_uploader.o(i.Plot_Data_UpLoad)
    i.SVC_Handler                            0x08004d1c   Section        0  stm32g4xx_it.o(i.SVC_Handler)
    i.SysTick_Handler                        0x08004d1e   Section        0  stm32g4xx_it.o(i.SysTick_Handler)
    i.SystemClock_Config                     0x08004d22   Section        0  main.o(i.SystemClock_Config)
    i.SystemInit                             0x08004da8   Section        0  system_stm32g4xx.o(i.SystemInit)
    i.TIM1_BRK_TIM15_IRQHandler              0x08004db8   Section        0  stm32g4xx_it.o(i.TIM1_BRK_TIM15_IRQHandler)
    i.TIM1_CC_IRQHandler                     0x08004dc4   Section        0  stm32g4xx_it.o(i.TIM1_CC_IRQHandler)
    i.TIM1_UP_TIM16_IRQHandler               0x08004dd0   Section        0  stm32g4xx_it.o(i.TIM1_UP_TIM16_IRQHandler)
    i.TIM_Base_SetConfig                     0x08004ddc   Section        0  stm32g4xx_hal_tim.o(i.TIM_Base_SetConfig)
    i.TIM_CCxChannelCmd                      0x08004eb0   Section        0  stm32g4xx_hal_tim.o(i.TIM_CCxChannelCmd)
    i.TIM_CCxNChannelCmd                     0x08004eca   Section        0  stm32g4xx_hal_tim_ex.o(i.TIM_CCxNChannelCmd)
    TIM_CCxNChannelCmd                       0x08004ecb   Thumb Code    26  stm32g4xx_hal_tim_ex.o(i.TIM_CCxNChannelCmd)
    i.TIM_ETR_SetConfig                      0x08004ee4   Section        0  stm32g4xx_hal_tim.o(i.TIM_ETR_SetConfig)
    i.TIM_ITRx_SetConfig                     0x08004ef8   Section        0  stm32g4xx_hal_tim.o(i.TIM_ITRx_SetConfig)
    TIM_ITRx_SetConfig                       0x08004ef9   Thumb Code    16  stm32g4xx_hal_tim.o(i.TIM_ITRx_SetConfig)
    i.TIM_OC1_SetConfig                      0x08004f0c   Section        0  stm32g4xx_hal_tim.o(i.TIM_OC1_SetConfig)
    TIM_OC1_SetConfig                        0x08004f0d   Thumb Code   144  stm32g4xx_hal_tim.o(i.TIM_OC1_SetConfig)
    i.TIM_OC2_SetConfig                      0x08004fb8   Section        0  stm32g4xx_hal_tim.o(i.TIM_OC2_SetConfig)
    i.TIM_OC3_SetConfig                      0x08005058   Section        0  stm32g4xx_hal_tim.o(i.TIM_OC3_SetConfig)
    TIM_OC3_SetConfig                        0x08005059   Thumb Code   130  stm32g4xx_hal_tim.o(i.TIM_OC3_SetConfig)
    i.TIM_OC4_SetConfig                      0x080050f8   Section        0  stm32g4xx_hal_tim.o(i.TIM_OC4_SetConfig)
    TIM_OC4_SetConfig                        0x080050f9   Thumb Code   132  stm32g4xx_hal_tim.o(i.TIM_OC4_SetConfig)
    i.TIM_OC5_SetConfig                      0x08005198   Section        0  stm32g4xx_hal_tim.o(i.TIM_OC5_SetConfig)
    TIM_OC5_SetConfig                        0x08005199   Thumb Code    92  stm32g4xx_hal_tim.o(i.TIM_OC5_SetConfig)
    i.TIM_OC6_SetConfig                      0x08005210   Section        0  stm32g4xx_hal_tim.o(i.TIM_OC6_SetConfig)
    TIM_OC6_SetConfig                        0x08005211   Thumb Code    94  stm32g4xx_hal_tim.o(i.TIM_OC6_SetConfig)
    i.TIM_TI1_ConfigInputStage               0x0800528c   Section        0  stm32g4xx_hal_tim.o(i.TIM_TI1_ConfigInputStage)
    TIM_TI1_ConfigInputStage                 0x0800528d   Thumb Code    34  stm32g4xx_hal_tim.o(i.TIM_TI1_ConfigInputStage)
    i.TIM_TI2_ConfigInputStage               0x080052ae   Section        0  stm32g4xx_hal_tim.o(i.TIM_TI2_ConfigInputStage)
    TIM_TI2_ConfigInputStage                 0x080052af   Thumb Code    36  stm32g4xx_hal_tim.o(i.TIM_TI2_ConfigInputStage)
    i.UARTEx_SetNbDataToProcess              0x080052d4   Section        0  stm32g4xx_hal_uart_ex.o(i.UARTEx_SetNbDataToProcess)
    UARTEx_SetNbDataToProcess                0x080052d5   Thumb Code    62  stm32g4xx_hal_uart_ex.o(i.UARTEx_SetNbDataToProcess)
    i.UART_AdvFeatureConfig                  0x08005318   Section        0  stm32g4xx_hal_uart.o(i.UART_AdvFeatureConfig)
    i.UART_CheckIdleState                    0x080053e0   Section        0  stm32g4xx_hal_uart.o(i.UART_CheckIdleState)
    i.UART_DMAAbortOnError                   0x08005440   Section        0  stm32g4xx_hal_uart.o(i.UART_DMAAbortOnError)
    UART_DMAAbortOnError                     0x08005441   Thumb Code    20  stm32g4xx_hal_uart.o(i.UART_DMAAbortOnError)
    i.UART_DMAError                          0x08005454   Section        0  stm32g4xx_hal_uart.o(i.UART_DMAError)
    UART_DMAError                            0x08005455   Thumb Code    80  stm32g4xx_hal_uart.o(i.UART_DMAError)
    i.UART_DMATransmitCplt                   0x080054a4   Section        0  stm32g4xx_hal_uart.o(i.UART_DMATransmitCplt)
    UART_DMATransmitCplt                     0x080054a5   Thumb Code    48  stm32g4xx_hal_uart.o(i.UART_DMATransmitCplt)
    i.UART_DMATxHalfCplt                     0x080054d4   Section        0  stm32g4xx_hal_uart.o(i.UART_DMATxHalfCplt)
    UART_DMATxHalfCplt                       0x080054d5   Thumb Code    10  stm32g4xx_hal_uart.o(i.UART_DMATxHalfCplt)
    i.UART_EndRxTransfer                     0x080054e0   Section        0  stm32g4xx_hal_uart.o(i.UART_EndRxTransfer)
    UART_EndRxTransfer                       0x080054e1   Thumb Code    50  stm32g4xx_hal_uart.o(i.UART_EndRxTransfer)
    i.UART_EndTxTransfer                     0x08005518   Section        0  stm32g4xx_hal_uart.o(i.UART_EndTxTransfer)
    UART_EndTxTransfer                       0x08005519   Thumb Code    28  stm32g4xx_hal_uart.o(i.UART_EndTxTransfer)
    i.UART_SetConfig                         0x08005534   Section        0  stm32g4xx_hal_uart.o(i.UART_SetConfig)
    i.UART_WaitOnFlagUntilTimeout            0x080057d0   Section        0  stm32g4xx_hal_uart.o(i.UART_WaitOnFlagUntilTimeout)
    i.USART3_IRQHandler                      0x08005874   Section        0  stm32g4xx_it.o(i.USART3_IRQHandler)
    i.UsageFault_Handler                     0x08005880   Section        0  stm32g4xx_it.o(i.UsageFault_Handler)
    i.__ARM_fpclassifyf                      0x08005882   Section        0  fpclassifyf.o(i.__ARM_fpclassifyf)
    i.__NVIC_SetPriority                     0x080058a8   Section        0  stm32g4xx_hal_cortex.o(i.__NVIC_SetPriority)
    __NVIC_SetPriority                       0x080058a9   Thumb Code    32  stm32g4xx_hal_cortex.o(i.__NVIC_SetPriority)
    i.__hardfp_cosf                          0x080058c8   Section        0  cosf.o(i.__hardfp_cosf)
    i.__hardfp_floorf                        0x08005a18   Section        0  floorf.o(i.__hardfp_floorf)
    i.__hardfp_fmodf                         0x08005a88   Section        0  fmodf.o(i.__hardfp_fmodf)
    i.__hardfp_sinf                          0x08005b38   Section        0  sinf.o(i.__hardfp_sinf)
    i.__mathlib_flt_infnan                   0x08005cc8   Section        0  funder.o(i.__mathlib_flt_infnan)
    i.__mathlib_flt_invalid                  0x08005cd0   Section        0  funder.o(i.__mathlib_flt_invalid)
    i.__mathlib_flt_underflow                0x08005ce0   Section        0  funder.o(i.__mathlib_flt_underflow)
    i.__mathlib_rredf2                       0x08005cf0   Section        0  rredf.o(i.__mathlib_rredf2)
    i.main                                   0x08005e44   Section        0  main.o(i.main)
    i.rtIsInfF                               0x08005f28   Section        0  foc_model.o(i.rtIsInfF)
    rtIsInfF                                 0x08005f29   Thumb Code    38  foc_model.o(i.rtIsInfF)
    i.rtIsNaNF                               0x08005f54   Section        0  foc_model.o(i.rtIsNaNF)
    rtIsNaNF                                 0x08005f55   Thumb Code    24  foc_model.o(i.rtIsNaNF)
    i.rt_modf_snf                            0x08005f6c   Section        0  foc_model.o(i.rt_modf_snf)
    x$fpl$dadd                               0x080060a0   Section      336  daddsub_clz.o(x$fpl$dadd)
    $v0                                      0x080060a0   Number         0  daddsub_clz.o(x$fpl$dadd)
    _dadd1                                   0x080060b1   Thumb Code     0  daddsub_clz.o(x$fpl$dadd)
    x$fpl$dcmpinf                            0x080061f0   Section       24  dcmpi.o(x$fpl$dcmpinf)
    $v0                                      0x080061f0   Number         0  dcmpi.o(x$fpl$dcmpinf)
    x$fpl$deqf                               0x08006208   Section      120  deqf.o(x$fpl$deqf)
    $v0                                      0x08006208   Number         0  deqf.o(x$fpl$deqf)
    x$fpl$dleqf                              0x08006280   Section      120  dleqf.o(x$fpl$dleqf)
    $v0                                      0x08006280   Number         0  dleqf.o(x$fpl$dleqf)
    x$fpl$dnaninf                            0x080062f8   Section      156  dnaninf.o(x$fpl$dnaninf)
    $v0                                      0x080062f8   Number         0  dnaninf.o(x$fpl$dnaninf)
    x$fpl$dretinf                            0x08006394   Section       12  dretinf.o(x$fpl$dretinf)
    $v0                                      0x08006394   Number         0  dretinf.o(x$fpl$dretinf)
    x$fpl$drleqf                             0x080063a0   Section      108  drleqf.o(x$fpl$drleqf)
    $v0                                      0x080063a0   Number         0  drleqf.o(x$fpl$drleqf)
    x$fpl$dsub                               0x0800640c   Section      468  daddsub_clz.o(x$fpl$dsub)
    $v0                                      0x0800640c   Number         0  daddsub_clz.o(x$fpl$dsub)
    _dsub1                                   0x0800641d   Thumb Code     0  daddsub_clz.o(x$fpl$dsub)
    x$fpl$f2d                                0x080065e0   Section       86  f2d.o(x$fpl$f2d)
    $v0                                      0x080065e0   Number         0  f2d.o(x$fpl$f2d)
    x$fpl$fnaninf                            0x08006636   Section      140  fnaninf.o(x$fpl$fnaninf)
    $v0                                      0x08006636   Number         0  fnaninf.o(x$fpl$fnaninf)
    x$fpl$fpinit                             0x080066c2   Section       10  fpinit.o(x$fpl$fpinit)
    $v0                                      0x080066c2   Number         0  fpinit.o(x$fpl$fpinit)
    x$fpl$frem                               0x080066cc   Section      244  frem_clz.o(x$fpl$frem)
    $v0                                      0x080066cc   Number         0  frem_clz.o(x$fpl$frem)
    .constdata                               0x080067c0   Section       24  stm32g4xx_hal_uart.o(.constdata)
    x$fpl$usenofp                            0x080067c0   Section        0  usenofp.o(x$fpl$usenofp)
    .constdata                               0x080067d8   Section       16  stm32g4xx_hal_uart_ex.o(.constdata)
    numerator                                0x080067d8   Data           8  stm32g4xx_hal_uart_ex.o(.constdata)
    denominator                              0x080067e0   Data           8  stm32g4xx_hal_uart_ex.o(.constdata)
    .constdata                               0x080067e8   Section       16  system_stm32g4xx.o(.constdata)
    .constdata                               0x080067f8   Section        8  system_stm32g4xx.o(.constdata)
    .constdata                               0x08006800   Section        4  foc_model.o(.constdata)
    .constdata                               0x08006804   Section       32  rredf.o(.constdata)
    twooverpi                                0x08006804   Data          32  rredf.o(.constdata)
    .data                                    0x20000000   Section       22  main.o(.data)
    cnt                                      0x20000002   Data           1  main.o(.data)
    .data                                    0x20000018   Section        4  adc.o(.data)
    HAL_RCC_ADC12_CLK_ENABLED                0x20000018   Data           4  adc.o(.data)
    .data                                    0x2000001c   Section       12  stm32g4xx_hal.o(.data)
    .data                                    0x20000028   Section        4  system_stm32g4xx.o(.data)
    .data                                    0x20000030   Section       72  foc_model.o(.data)
    .data                                    0x20000078   Section       32  user_uploader.o(.data)
    .bss                                     0x20000098   Section      216  adc.o(.bss)
    .bss                                     0x20000170   Section       76  tim.o(.bss)
    .bss                                     0x200001bc   Section      240  usart.o(.bss)
    .bss                                     0x200002b0   Section      168  foc_model.o(.bss)
    .bss                                     0x20000358   Section       12  foc_model.o(.bss)
    rtM_                                     0x20000358   Data          12  foc_model.o(.bss)
    .bss                                     0x20000364   Section       96  libspace.o(.bss)
    HEAP                                     0x200003c8   Section      512  startup_stm32g474xx.o(HEAP)
    Heap_Mem                                 0x200003c8   Data         512  startup_stm32g474xx.o(HEAP)
    STACK                                    0x200005c8   Section     1024  startup_stm32g474xx.o(STACK)
    Stack_Mem                                0x200005c8   Data        1024  startup_stm32g474xx.o(STACK)
    __initial_sp                             0x200009c8   Data           0  startup_stm32g474xx.o(STACK)

    Global Symbols

    Symbol Name                              Value     Ov Type        Size  Object(Section)

    BuildAttributes$$THM_ISAv4$E$P$D$K$B$S$7EM$VFPi3$EXTD16$VFPS$VFMA$PE$A:L22UL41UL21$X:L11$S22US41US21$IEEE1$IW$USESV6$~STKCKD$USESV7$~SHL$OTIME$ROPI$IEEEX$EBA8$UX$STANDARDLIB$REQ8$PRES8$EABIv2 0x00000000   Number         0  anon$$obj.o ABSOLUTE
    __ARM_use_no_argv                        0x00000000   Number         0  main.o ABSOLUTE
    __ARM_exceptions_init                     - Undefined Weak Reference
    __alloca_initialize                       - Undefined Weak Reference
    __arm_preinit_                            - Undefined Weak Reference
    __cpp_initialize__aeabi_                  - Undefined Weak Reference
    __cxa_finalize                            - Undefined Weak Reference
    __rt_locale                               - Undefined Weak Reference
    __sigvec_lookup                           - Undefined Weak Reference
    _atexit_init                              - Undefined Weak Reference
    _call_atexit_fns                          - Undefined Weak Reference
    _clock_init                               - Undefined Weak Reference
    _fp_trap_init                             - Undefined Weak Reference
    _fp_trap_shutdown                         - Undefined Weak Reference
    _get_lc_collate                           - Undefined Weak Reference
    _get_lc_ctype                             - Undefined Weak Reference
    _get_lc_monetary                          - Undefined Weak Reference
    _get_lc_numeric                           - Undefined Weak Reference
    _get_lc_time                              - Undefined Weak Reference
    _getenv_init                              - Undefined Weak Reference
    _handle_redirection                       - Undefined Weak Reference
    _init_alloc                               - Undefined Weak Reference
    _init_user_alloc                          - Undefined Weak Reference
    _initio                                   - Undefined Weak Reference
    _rand_init                                - Undefined Weak Reference
    _signal_finish                            - Undefined Weak Reference
    _signal_init                              - Undefined Weak Reference
    _terminate_alloc                          - Undefined Weak Reference
    _terminate_user_alloc                     - Undefined Weak Reference
    _terminateio                              - Undefined Weak Reference
    __Vectors_Size                           0x000001d8   Number         0  startup_stm32g474xx.o ABSOLUTE
    __Vectors                                0x08000000   Data           4  startup_stm32g474xx.o(RESET)
    __Vectors_End                            0x080001d8   Data           0  startup_stm32g474xx.o(RESET)
    __main                                   0x080001d9   Thumb Code     8  __main.o(!!!main)
    __scatterload                            0x080001e1   Thumb Code     0  __scatter.o(!!!scatter)
    __scatterload_rt2                        0x080001e1   Thumb Code    44  __scatter.o(!!!scatter)
    __scatterload_rt2_thumb_only             0x080001e1   Thumb Code     0  __scatter.o(!!!scatter)
    __scatterload_null                       0x080001ef   Thumb Code     0  __scatter.o(!!!scatter)
    __scatterload_copy                       0x08000215   Thumb Code    26  __scatter_copy.o(!!handler_copy)
    __scatterload_zeroinit                   0x08000231   Thumb Code    28  __scatter_zi.o(!!handler_zi)
    __rt_lib_init                            0x0800024d   Thumb Code     0  libinit.o(.ARM.Collect$$libinit$$00000000)
    __rt_lib_init_fp_1                       0x0800024f   Thumb Code     0  libinit2.o(.ARM.Collect$$libinit$$00000001)
    __rt_lib_init_alloca_1                   0x08000253   Thumb Code     0  libinit2.o(.ARM.Collect$$libinit$$0000002E)
    __rt_lib_init_argv_1                     0x08000253   Thumb Code     0  libinit2.o(.ARM.Collect$$libinit$$0000002C)
    __rt_lib_init_atexit_1                   0x08000253   Thumb Code     0  libinit2.o(.ARM.Collect$$libinit$$0000001B)
    __rt_lib_init_clock_1                    0x08000253   Thumb Code     0  libinit2.o(.ARM.Collect$$libinit$$00000021)
    __rt_lib_init_cpp_1                      0x08000253   Thumb Code     0  libinit2.o(.ARM.Collect$$libinit$$00000032)
    __rt_lib_init_exceptions_1               0x08000253   Thumb Code     0  libinit2.o(.ARM.Collect$$libinit$$00000030)
    __rt_lib_init_fp_trap_1                  0x08000253   Thumb Code     0  libinit2.o(.ARM.Collect$$libinit$$0000001F)
    __rt_lib_init_getenv_1                   0x08000253   Thumb Code     0  libinit2.o(.ARM.Collect$$libinit$$00000023)
    __rt_lib_init_heap_1                     0x08000253   Thumb Code     0  libinit2.o(.ARM.Collect$$libinit$$0000000A)
    __rt_lib_init_lc_collate_1               0x08000253   Thumb Code     0  libinit2.o(.ARM.Collect$$libinit$$00000011)
    __rt_lib_init_lc_ctype_1                 0x08000253   Thumb Code     0  libinit2.o(.ARM.Collect$$libinit$$00000013)
    __rt_lib_init_lc_monetary_1              0x08000253   Thumb Code     0  libinit2.o(.ARM.Collect$$libinit$$00000015)
    __rt_lib_init_lc_numeric_1               0x08000253   Thumb Code     0  libinit2.o(.ARM.Collect$$libinit$$00000017)
    __rt_lib_init_lc_time_1                  0x08000253   Thumb Code     0  libinit2.o(.ARM.Collect$$libinit$$00000019)
    __rt_lib_init_preinit_1                  0x08000253   Thumb Code     0  libinit2.o(.ARM.Collect$$libinit$$00000004)
    __rt_lib_init_rand_1                     0x08000253   Thumb Code     0  libinit2.o(.ARM.Collect$$libinit$$0000000E)
    __rt_lib_init_return                     0x08000253   Thumb Code     0  libinit2.o(.ARM.Collect$$libinit$$00000033)
    __rt_lib_init_signal_1                   0x08000253   Thumb Code     0  libinit2.o(.ARM.Collect$$libinit$$0000001D)
    __rt_lib_init_stdio_1                    0x08000253   Thumb Code     0  libinit2.o(.ARM.Collect$$libinit$$00000025)
    __rt_lib_init_user_alloc_1               0x08000253   Thumb Code     0  libinit2.o(.ARM.Collect$$libinit$$0000000C)
    __rt_lib_shutdown                        0x08000255   Thumb Code     0  libshutdown.o(.ARM.Collect$$libshutdown$$00000000)
    __rt_lib_shutdown_cpp_1                  0x08000257   Thumb Code     0  libshutdown2.o(.ARM.Collect$$libshutdown$$00000002)
    __rt_lib_shutdown_fp_trap_1              0x08000257   Thumb Code     0  libshutdown2.o(.ARM.Collect$$libshutdown$$00000007)
    __rt_lib_shutdown_heap_1                 0x08000257   Thumb Code     0  libshutdown2.o(.ARM.Collect$$libshutdown$$0000000F)
    __rt_lib_shutdown_return                 0x08000257   Thumb Code     0  libshutdown2.o(.ARM.Collect$$libshutdown$$00000010)
    __rt_lib_shutdown_signal_1               0x08000257   Thumb Code     0  libshutdown2.o(.ARM.Collect$$libshutdown$$0000000A)
    __rt_lib_shutdown_stdio_1                0x08000257   Thumb Code     0  libshutdown2.o(.ARM.Collect$$libshutdown$$00000004)
    __rt_lib_shutdown_user_alloc_1           0x08000257   Thumb Code     0  libshutdown2.o(.ARM.Collect$$libshutdown$$0000000C)
    __rt_entry                               0x08000259   Thumb Code     0  __rtentry.o(.ARM.Collect$$rtentry$$00000000)
    __rt_entry_presh_1                       0x08000259   Thumb Code     0  __rtentry2.o(.ARM.Collect$$rtentry$$00000002)
    __rt_entry_sh                            0x08000259   Thumb Code     0  __rtentry4.o(.ARM.Collect$$rtentry$$00000004)
    __rt_entry_li                            0x0800025f   Thumb Code     0  __rtentry2.o(.ARM.Collect$$rtentry$$0000000A)
    __rt_entry_postsh_1                      0x0800025f   Thumb Code     0  __rtentry2.o(.ARM.Collect$$rtentry$$00000009)
    __rt_entry_main                          0x08000263   Thumb Code     0  __rtentry2.o(.ARM.Collect$$rtentry$$0000000D)
    __rt_entry_postli_1                      0x08000263   Thumb Code     0  __rtentry2.o(.ARM.Collect$$rtentry$$0000000C)
    __rt_exit                                0x0800026b   Thumb Code     0  rtexit.o(.ARM.Collect$$rtexit$$00000000)
    __rt_exit_ls                             0x0800026d   Thumb Code     0  rtexit2.o(.ARM.Collect$$rtexit$$00000003)
    __rt_exit_prels_1                        0x0800026d   Thumb Code     0  rtexit2.o(.ARM.Collect$$rtexit$$00000002)
    __rt_exit_exit                           0x08000271   Thumb Code     0  rtexit2.o(.ARM.Collect$$rtexit$$00000004)
    Reset_Handler                            0x08000279   Thumb Code     8  startup_stm32g474xx.o(.text)
    ADC3_IRQHandler                          0x08000293   Thumb Code     0  startup_stm32g474xx.o(.text)
    ADC4_IRQHandler                          0x08000293   Thumb Code     0  startup_stm32g474xx.o(.text)
    ADC5_IRQHandler                          0x08000293   Thumb Code     0  startup_stm32g474xx.o(.text)
    COMP1_2_3_IRQHandler                     0x08000293   Thumb Code     0  startup_stm32g474xx.o(.text)
    COMP4_5_6_IRQHandler                     0x08000293   Thumb Code     0  startup_stm32g474xx.o(.text)
    COMP7_IRQHandler                         0x08000293   Thumb Code     0  startup_stm32g474xx.o(.text)
    CORDIC_IRQHandler                        0x08000293   Thumb Code     0  startup_stm32g474xx.o(.text)
    CRS_IRQHandler                           0x08000293   Thumb Code     0  startup_stm32g474xx.o(.text)
    DMA1_Channel2_IRQHandler                 0x08000293   Thumb Code     0  startup_stm32g474xx.o(.text)
    DMA1_Channel3_IRQHandler                 0x08000293   Thumb Code     0  startup_stm32g474xx.o(.text)
    DMA1_Channel4_IRQHandler                 0x08000293   Thumb Code     0  startup_stm32g474xx.o(.text)
    DMA1_Channel5_IRQHandler                 0x08000293   Thumb Code     0  startup_stm32g474xx.o(.text)
    DMA1_Channel6_IRQHandler                 0x08000293   Thumb Code     0  startup_stm32g474xx.o(.text)
    DMA1_Channel7_IRQHandler                 0x08000293   Thumb Code     0  startup_stm32g474xx.o(.text)
    DMA1_Channel8_IRQHandler                 0x08000293   Thumb Code     0  startup_stm32g474xx.o(.text)
    DMA2_Channel1_IRQHandler                 0x08000293   Thumb Code     0  startup_stm32g474xx.o(.text)
    DMA2_Channel2_IRQHandler                 0x08000293   Thumb Code     0  startup_stm32g474xx.o(.text)
    DMA2_Channel3_IRQHandler                 0x08000293   Thumb Code     0  startup_stm32g474xx.o(.text)
    DMA2_Channel4_IRQHandler                 0x08000293   Thumb Code     0  startup_stm32g474xx.o(.text)
    DMA2_Channel5_IRQHandler                 0x08000293   Thumb Code     0  startup_stm32g474xx.o(.text)
    DMA2_Channel6_IRQHandler                 0x08000293   Thumb Code     0  startup_stm32g474xx.o(.text)
    DMA2_Channel7_IRQHandler                 0x08000293   Thumb Code     0  startup_stm32g474xx.o(.text)
    DMA2_Channel8_IRQHandler                 0x08000293   Thumb Code     0  startup_stm32g474xx.o(.text)
    DMAMUX_OVR_IRQHandler                    0x08000293   Thumb Code     0  startup_stm32g474xx.o(.text)
    EXTI0_IRQHandler                         0x08000293   Thumb Code     0  startup_stm32g474xx.o(.text)
    EXTI15_10_IRQHandler                     0x08000293   Thumb Code     0  startup_stm32g474xx.o(.text)
    EXTI1_IRQHandler                         0x08000293   Thumb Code     0  startup_stm32g474xx.o(.text)
    EXTI2_IRQHandler                         0x08000293   Thumb Code     0  startup_stm32g474xx.o(.text)
    EXTI3_IRQHandler                         0x08000293   Thumb Code     0  startup_stm32g474xx.o(.text)
    EXTI4_IRQHandler                         0x08000293   Thumb Code     0  startup_stm32g474xx.o(.text)
    FDCAN1_IT0_IRQHandler                    0x08000293   Thumb Code     0  startup_stm32g474xx.o(.text)
    FDCAN1_IT1_IRQHandler                    0x08000293   Thumb Code     0  startup_stm32g474xx.o(.text)
    FDCAN2_IT0_IRQHandler                    0x08000293   Thumb Code     0  startup_stm32g474xx.o(.text)
    FDCAN2_IT1_IRQHandler                    0x08000293   Thumb Code     0  startup_stm32g474xx.o(.text)
    FDCAN3_IT0_IRQHandler                    0x08000293   Thumb Code     0  startup_stm32g474xx.o(.text)
    FDCAN3_IT1_IRQHandler                    0x08000293   Thumb Code     0  startup_stm32g474xx.o(.text)
    FLASH_IRQHandler                         0x08000293   Thumb Code     0  startup_stm32g474xx.o(.text)
    FMAC_IRQHandler                          0x08000293   Thumb Code     0  startup_stm32g474xx.o(.text)
    FMC_IRQHandler                           0x08000293   Thumb Code     0  startup_stm32g474xx.o(.text)
    FPU_IRQHandler                           0x08000293   Thumb Code     0  startup_stm32g474xx.o(.text)
    HRTIM1_FLT_IRQHandler                    0x08000293   Thumb Code     0  startup_stm32g474xx.o(.text)
    HRTIM1_Master_IRQHandler                 0x08000293   Thumb Code     0  startup_stm32g474xx.o(.text)
    HRTIM1_TIMA_IRQHandler                   0x08000293   Thumb Code     0  startup_stm32g474xx.o(.text)
    HRTIM1_TIMB_IRQHandler                   0x08000293   Thumb Code     0  startup_stm32g474xx.o(.text)
    HRTIM1_TIMC_IRQHandler                   0x08000293   Thumb Code     0  startup_stm32g474xx.o(.text)
    HRTIM1_TIMD_IRQHandler                   0x08000293   Thumb Code     0  startup_stm32g474xx.o(.text)
    HRTIM1_TIME_IRQHandler                   0x08000293   Thumb Code     0  startup_stm32g474xx.o(.text)
    HRTIM1_TIMF_IRQHandler                   0x08000293   Thumb Code     0  startup_stm32g474xx.o(.text)
    I2C1_ER_IRQHandler                       0x08000293   Thumb Code     0  startup_stm32g474xx.o(.text)
    I2C1_EV_IRQHandler                       0x08000293   Thumb Code     0  startup_stm32g474xx.o(.text)
    I2C2_ER_IRQHandler                       0x08000293   Thumb Code     0  startup_stm32g474xx.o(.text)
    I2C2_EV_IRQHandler                       0x08000293   Thumb Code     0  startup_stm32g474xx.o(.text)
    I2C3_ER_IRQHandler                       0x08000293   Thumb Code     0  startup_stm32g474xx.o(.text)
    I2C3_EV_IRQHandler                       0x08000293   Thumb Code     0  startup_stm32g474xx.o(.text)
    I2C4_ER_IRQHandler                       0x08000293   Thumb Code     0  startup_stm32g474xx.o(.text)
    I2C4_EV_IRQHandler                       0x08000293   Thumb Code     0  startup_stm32g474xx.o(.text)
    LPTIM1_IRQHandler                        0x08000293   Thumb Code     0  startup_stm32g474xx.o(.text)
    LPUART1_IRQHandler                       0x08000293   Thumb Code     0  startup_stm32g474xx.o(.text)
    PVD_PVM_IRQHandler                       0x08000293   Thumb Code     0  startup_stm32g474xx.o(.text)
    QUADSPI_IRQHandler                       0x08000293   Thumb Code     0  startup_stm32g474xx.o(.text)
    RCC_IRQHandler                           0x08000293   Thumb Code     0  startup_stm32g474xx.o(.text)
    RNG_IRQHandler                           0x08000293   Thumb Code     0  startup_stm32g474xx.o(.text)
    RTC_Alarm_IRQHandler                     0x08000293   Thumb Code     0  startup_stm32g474xx.o(.text)
    RTC_TAMP_LSECSS_IRQHandler               0x08000293   Thumb Code     0  startup_stm32g474xx.o(.text)
    RTC_WKUP_IRQHandler                      0x08000293   Thumb Code     0  startup_stm32g474xx.o(.text)
    SAI1_IRQHandler                          0x08000293   Thumb Code     0  startup_stm32g474xx.o(.text)
    SPI1_IRQHandler                          0x08000293   Thumb Code     0  startup_stm32g474xx.o(.text)
    SPI2_IRQHandler                          0x08000293   Thumb Code     0  startup_stm32g474xx.o(.text)
    SPI3_IRQHandler                          0x08000293   Thumb Code     0  startup_stm32g474xx.o(.text)
    SPI4_IRQHandler                          0x08000293   Thumb Code     0  startup_stm32g474xx.o(.text)
    TIM1_TRG_COM_TIM17_IRQHandler            0x08000293   Thumb Code     0  startup_stm32g474xx.o(.text)
    TIM20_BRK_IRQHandler                     0x08000293   Thumb Code     0  startup_stm32g474xx.o(.text)
    TIM20_CC_IRQHandler                      0x08000293   Thumb Code     0  startup_stm32g474xx.o(.text)
    TIM20_TRG_COM_IRQHandler                 0x08000293   Thumb Code     0  startup_stm32g474xx.o(.text)
    TIM20_UP_IRQHandler                      0x08000293   Thumb Code     0  startup_stm32g474xx.o(.text)
    TIM2_IRQHandler                          0x08000293   Thumb Code     0  startup_stm32g474xx.o(.text)
    TIM3_IRQHandler                          0x08000293   Thumb Code     0  startup_stm32g474xx.o(.text)
    TIM4_IRQHandler                          0x08000293   Thumb Code     0  startup_stm32g474xx.o(.text)
    TIM5_IRQHandler                          0x08000293   Thumb Code     0  startup_stm32g474xx.o(.text)
    TIM6_DAC_IRQHandler                      0x08000293   Thumb Code     0  startup_stm32g474xx.o(.text)
    TIM7_DAC_IRQHandler                      0x08000293   Thumb Code     0  startup_stm32g474xx.o(.text)
    TIM8_BRK_IRQHandler                      0x08000293   Thumb Code     0  startup_stm32g474xx.o(.text)
    TIM8_CC_IRQHandler                       0x08000293   Thumb Code     0  startup_stm32g474xx.o(.text)
    TIM8_TRG_COM_IRQHandler                  0x08000293   Thumb Code     0  startup_stm32g474xx.o(.text)
    TIM8_UP_IRQHandler                       0x08000293   Thumb Code     0  startup_stm32g474xx.o(.text)
    UART4_IRQHandler                         0x08000293   Thumb Code     0  startup_stm32g474xx.o(.text)
    UART5_IRQHandler                         0x08000293   Thumb Code     0  startup_stm32g474xx.o(.text)
    UCPD1_IRQHandler                         0x08000293   Thumb Code     0  startup_stm32g474xx.o(.text)
    USART1_IRQHandler                        0x08000293   Thumb Code     0  startup_stm32g474xx.o(.text)
    USART2_IRQHandler                        0x08000293   Thumb Code     0  startup_stm32g474xx.o(.text)
    USBWakeUp_IRQHandler                     0x08000293   Thumb Code     0  startup_stm32g474xx.o(.text)
    USB_HP_IRQHandler                        0x08000293   Thumb Code     0  startup_stm32g474xx.o(.text)
    USB_LP_IRQHandler                        0x08000293   Thumb Code     0  startup_stm32g474xx.o(.text)
    WWDG_IRQHandler                          0x08000293   Thumb Code     0  startup_stm32g474xx.o(.text)
    __user_initial_stackheap                 0x08000295   Thumb Code     0  startup_stm32g474xx.o(.text)
    __aeabi_uldivmod                         0x080002b9   Thumb Code     0  lludivv7m.o(.text)
    _ll_udiv                                 0x080002b9   Thumb Code   238  lludivv7m.o(.text)
    __aeabi_memclr4                          0x080003a7   Thumb Code     0  rt_memclr_w.o(.text)
    __aeabi_memclr8                          0x080003a7   Thumb Code     0  rt_memclr_w.o(.text)
    __rt_memclr_w                            0x080003a7   Thumb Code    78  rt_memclr_w.o(.text)
    _memset_w                                0x080003ab   Thumb Code     0  rt_memclr_w.o(.text)
    __use_two_region_memory                  0x080003f5   Thumb Code     2  heapauxi.o(.text)
    __rt_heap_escrow$2region                 0x080003f7   Thumb Code     2  heapauxi.o(.text)
    __rt_heap_expand$2region                 0x080003f9   Thumb Code     2  heapauxi.o(.text)
    __read_errno                             0x080003fb   Thumb Code    10  _rserrno.o(.text)
    __set_errno                              0x08000405   Thumb Code    12  _rserrno.o(.text)
    __aeabi_errno_addr                       0x08000411   Thumb Code     8  rt_errno_addr_intlibspace.o(.text)
    __errno$intlibspace                      0x08000411   Thumb Code     0  rt_errno_addr_intlibspace.o(.text)
    __rt_errno_addr$intlibspace              0x08000411   Thumb Code     0  rt_errno_addr_intlibspace.o(.text)
    __user_libspace                          0x08000419   Thumb Code     8  libspace.o(.text)
    __user_perproc_libspace                  0x08000419   Thumb Code     0  libspace.o(.text)
    __user_perthread_libspace                0x08000419   Thumb Code     0  libspace.o(.text)
    __user_setup_stackheap                   0x08000421   Thumb Code    74  sys_stackheap_outer.o(.text)
    exit                                     0x0800046b   Thumb Code    18  exit.o(.text)
    _sys_exit                                0x0800047d   Thumb Code     8  sys_exit.o(.text)
    __I$use$semihosting                      0x08000489   Thumb Code     0  use_no_semi.o(.text)
    __use_no_semihosting_swi                 0x08000489   Thumb Code     2  use_no_semi.o(.text)
    __semihosting_library_function           0x0800048b   Thumb Code     0  indicate_semi.o(.text)
    ADC1_2_IRQHandler                        0x0800048d   Thumb Code    18  stm32g4xx_it.o(i.ADC1_2_IRQHandler)
    ADC_Disable                              0x080004a9   Thumb Code   106  stm32g4xx_hal_adc.o(i.ADC_Disable)
    ADC_Enable                               0x08000519   Thumb Code   110  stm32g4xx_hal_adc.o(i.ADC_Enable)
    BusFault_Handler                         0x0800058d   Thumb Code     2  stm32g4xx_it.o(i.BusFault_Handler)
    DMA1_Channel1_IRQHandler                 0x08000591   Thumb Code     6  stm32g4xx_it.o(i.DMA1_Channel1_IRQHandler)
    DebugMon_Handler                         0x0800063f   Thumb Code     2  stm32g4xx_it.o(i.DebugMon_Handler)
    EXTI9_5_IRQHandler                       0x08000641   Thumb Code    34  stm32g4xx_it.o(i.EXTI9_5_IRQHandler)
    Error_Handler                            0x08000663   Thumb Code     4  main.o(i.Error_Handler)
    FOC_Model_step                           0x08000669   Thumb Code  2760  foc_model.o(i.FOC_Model_step)
    HAL_ADCEx_Calibration_Start              0x08001155   Thumb Code   138  stm32g4xx_hal_adc_ex.o(i.HAL_ADCEx_Calibration_Start)
    HAL_ADCEx_EndOfSamplingCallback          0x080011e9   Thumb Code     2  stm32g4xx_hal_adc_ex.o(i.HAL_ADCEx_EndOfSamplingCallback)
    HAL_ADCEx_InjectedConfigChannel          0x080011ed   Thumb Code  1324  stm32g4xx_hal_adc_ex.o(i.HAL_ADCEx_InjectedConfigChannel)
    HAL_ADCEx_InjectedConvCpltCallback       0x0800174d   Thumb Code   296  main.o(i.HAL_ADCEx_InjectedConvCpltCallback)
    HAL_ADCEx_InjectedQueueOverflowCallback  0x08001891   Thumb Code     2  stm32g4xx_hal_adc_ex.o(i.HAL_ADCEx_InjectedQueueOverflowCallback)
    HAL_ADCEx_InjectedStart                  0x08001895   Thumb Code   262  stm32g4xx_hal_adc_ex.o(i.HAL_ADCEx_InjectedStart)
    HAL_ADCEx_InjectedStart_IT               0x080019b5   Thumb Code   320  stm32g4xx_hal_adc_ex.o(i.HAL_ADCEx_InjectedStart_IT)
    HAL_ADCEx_LevelOutOfWindow2Callback      0x08001b0d   Thumb Code     2  stm32g4xx_hal_adc_ex.o(i.HAL_ADCEx_LevelOutOfWindow2Callback)
    HAL_ADCEx_LevelOutOfWindow3Callback      0x08001b0f   Thumb Code     2  stm32g4xx_hal_adc_ex.o(i.HAL_ADCEx_LevelOutOfWindow3Callback)
    HAL_ADCEx_MultiModeConfigChannel         0x08001b11   Thumb Code   322  stm32g4xx_hal_adc_ex.o(i.HAL_ADCEx_MultiModeConfigChannel)
    HAL_ADC_ConfigChannel                    0x08001c6d   Thumb Code  1066  stm32g4xx_hal_adc.o(i.HAL_ADC_ConfigChannel)
    HAL_ADC_ConvCpltCallback                 0x080020d9   Thumb Code     2  stm32g4xx_hal_adc.o(i.HAL_ADC_ConvCpltCallback)
    HAL_ADC_ErrorCallback                    0x080020db   Thumb Code     2  stm32g4xx_hal_adc.o(i.HAL_ADC_ErrorCallback)
    HAL_ADC_IRQHandler                       0x080020dd   Thumb Code   674  stm32g4xx_hal_adc.o(i.HAL_ADC_IRQHandler)
    HAL_ADC_Init                             0x08002395   Thumb Code   520  stm32g4xx_hal_adc.o(i.HAL_ADC_Init)
    HAL_ADC_LevelOutOfWindowCallback         0x080025cd   Thumb Code     2  stm32g4xx_hal_adc.o(i.HAL_ADC_LevelOutOfWindowCallback)
    HAL_ADC_MspInit                          0x080025d1   Thumb Code   170  adc.o(i.HAL_ADC_MspInit)
    HAL_DMA_Abort                            0x0800268d   Thumb Code   106  stm32g4xx_hal_dma.o(i.HAL_DMA_Abort)
    HAL_DMA_Abort_IT                         0x080026f7   Thumb Code   120  stm32g4xx_hal_dma.o(i.HAL_DMA_Abort_IT)
    HAL_DMA_IRQHandler                       0x0800276f   Thumb Code   186  stm32g4xx_hal_dma.o(i.HAL_DMA_IRQHandler)
    HAL_DMA_Init                             0x08002829   Thumb Code   178  stm32g4xx_hal_dma.o(i.HAL_DMA_Init)
    HAL_DMA_Start_IT                         0x080028e9   Thumb Code   140  stm32g4xx_hal_dma.o(i.HAL_DMA_Start_IT)
    HAL_Delay                                0x08002975   Thumb Code    32  stm32g4xx_hal.o(i.HAL_Delay)
    HAL_GPIO_EXTI_Callback                   0x08002999   Thumb Code   188  main.o(i.HAL_GPIO_EXTI_Callback)
    HAL_GPIO_EXTI_IRQHandler                 0x08002a69   Thumb Code    18  stm32g4xx_hal_gpio.o(i.HAL_GPIO_EXTI_IRQHandler)
    HAL_GPIO_Init                            0x08002a81   Thumb Code   422  stm32g4xx_hal_gpio.o(i.HAL_GPIO_Init)
    HAL_GPIO_TogglePin                       0x08002c49   Thumb Code    16  stm32g4xx_hal_gpio.o(i.HAL_GPIO_TogglePin)
    HAL_GPIO_WritePin                        0x08002c59   Thumb Code    10  stm32g4xx_hal_gpio.o(i.HAL_GPIO_WritePin)
    HAL_GetTick                              0x08002c65   Thumb Code     6  stm32g4xx_hal.o(i.HAL_GetTick)
    HAL_IncTick                              0x08002c71   Thumb Code    12  stm32g4xx_hal.o(i.HAL_IncTick)
    HAL_Init                                 0x08002c81   Thumb Code    30  stm32g4xx_hal.o(i.HAL_Init)
    HAL_InitTick                             0x08002ca1   Thumb Code    58  stm32g4xx_hal.o(i.HAL_InitTick)
    HAL_MspInit                              0x08002ce5   Thumb Code    42  stm32g4xx_hal_msp.o(i.HAL_MspInit)
    HAL_NVIC_EnableIRQ                       0x08002d15   Thumb Code    26  stm32g4xx_hal_cortex.o(i.HAL_NVIC_EnableIRQ)
    HAL_NVIC_SetPriority                     0x08002d31   Thumb Code    60  stm32g4xx_hal_cortex.o(i.HAL_NVIC_SetPriority)
    HAL_NVIC_SetPriorityGrouping             0x08002d71   Thumb Code    26  stm32g4xx_hal_cortex.o(i.HAL_NVIC_SetPriorityGrouping)
    HAL_PWREx_ControlVoltageScaling          0x08002d95   Thumb Code   174  stm32g4xx_hal_pwr_ex.o(i.HAL_PWREx_ControlVoltageScaling)
    HAL_PWREx_DisableUCPDDeadBattery         0x08002e51   Thumb Code    12  stm32g4xx_hal_pwr_ex.o(i.HAL_PWREx_DisableUCPDDeadBattery)
    HAL_RCCEx_PeriphCLKConfig                0x08002e61   Thumb Code   758  stm32g4xx_hal_rcc_ex.o(i.HAL_RCCEx_PeriphCLKConfig)
    HAL_RCC_ClockConfig                      0x08003161   Thumb Code   444  stm32g4xx_hal_rcc.o(i.HAL_RCC_ClockConfig)
    HAL_RCC_GetPCLK1Freq                     0x0800333d   Thumb Code    24  stm32g4xx_hal_rcc.o(i.HAL_RCC_GetPCLK1Freq)
    HAL_RCC_GetPCLK2Freq                     0x08003361   Thumb Code    24  stm32g4xx_hal_rcc.o(i.HAL_RCC_GetPCLK2Freq)
    HAL_RCC_GetSysClockFreq                  0x08003385   Thumb Code    98  stm32g4xx_hal_rcc.o(i.HAL_RCC_GetSysClockFreq)
    HAL_RCC_OscConfig                        0x080033f1   Thumb Code  1036  stm32g4xx_hal_rcc.o(i.HAL_RCC_OscConfig)
    HAL_SYSTICK_Config                       0x080037fd   Thumb Code    40  stm32g4xx_hal_cortex.o(i.HAL_SYSTICK_Config)
    HAL_TIMEx_Break2Callback                 0x08003825   Thumb Code     2  stm32g4xx_hal_tim_ex.o(i.HAL_TIMEx_Break2Callback)
    HAL_TIMEx_BreakCallback                  0x08003827   Thumb Code     2  stm32g4xx_hal_tim_ex.o(i.HAL_TIMEx_BreakCallback)
    HAL_TIMEx_CommutCallback                 0x08003829   Thumb Code     2  stm32g4xx_hal_tim_ex.o(i.HAL_TIMEx_CommutCallback)
    HAL_TIMEx_ConfigBreakDeadTime            0x0800382d   Thumb Code   192  stm32g4xx_hal_tim_ex.o(i.HAL_TIMEx_ConfigBreakDeadTime)
    HAL_TIMEx_DirectionChangeCallback        0x080038f9   Thumb Code     2  stm32g4xx_hal_tim_ex.o(i.HAL_TIMEx_DirectionChangeCallback)
    HAL_TIMEx_EncoderIndexCallback           0x080038fb   Thumb Code     2  stm32g4xx_hal_tim_ex.o(i.HAL_TIMEx_EncoderIndexCallback)
    HAL_TIMEx_IndexErrorCallback             0x080038fd   Thumb Code     2  stm32g4xx_hal_tim_ex.o(i.HAL_TIMEx_IndexErrorCallback)
    HAL_TIMEx_MasterConfigSynchronization    0x08003901   Thumb Code   150  stm32g4xx_hal_tim_ex.o(i.HAL_TIMEx_MasterConfigSynchronization)
    HAL_TIMEx_PWMN_Start                     0x080039b9   Thumb Code   170  stm32g4xx_hal_tim_ex.o(i.HAL_TIMEx_PWMN_Start)
    HAL_TIMEx_PWMN_Stop                      0x08003a85   Thumb Code   104  stm32g4xx_hal_tim_ex.o(i.HAL_TIMEx_PWMN_Stop)
    HAL_TIMEx_TransitionErrorCallback        0x08003aed   Thumb Code     2  stm32g4xx_hal_tim_ex.o(i.HAL_TIMEx_TransitionErrorCallback)
    HAL_TIM_Base_Init                        0x08003aef   Thumb Code    98  stm32g4xx_hal_tim.o(i.HAL_TIM_Base_Init)
    HAL_TIM_Base_MspInit                     0x08003b51   Thumb Code    82  tim.o(i.HAL_TIM_Base_MspInit)
    HAL_TIM_Base_Start                       0x08003bad   Thumb Code    96  stm32g4xx_hal_tim.o(i.HAL_TIM_Base_Start)
    HAL_TIM_ConfigClockSource                0x08003c2d   Thumb Code   220  stm32g4xx_hal_tim.o(i.HAL_TIM_ConfigClockSource)
    HAL_TIM_IC_CaptureCallback               0x08003d0d   Thumb Code     2  stm32g4xx_hal_tim.o(i.HAL_TIM_IC_CaptureCallback)
    HAL_TIM_IRQHandler                       0x08003d0f   Thumb Code   508  stm32g4xx_hal_tim.o(i.HAL_TIM_IRQHandler)
    HAL_TIM_MspPostInit                      0x08003f0d   Thumb Code   136  tim.o(i.HAL_TIM_MspPostInit)
    HAL_TIM_OC_DelayElapsedCallback          0x08003fa1   Thumb Code     2  stm32g4xx_hal_tim.o(i.HAL_TIM_OC_DelayElapsedCallback)
    HAL_TIM_PWM_ConfigChannel                0x08003fa3   Thumb Code   286  stm32g4xx_hal_tim.o(i.HAL_TIM_PWM_ConfigChannel)
    HAL_TIM_PWM_Init                         0x080040c1   Thumb Code    98  stm32g4xx_hal_tim.o(i.HAL_TIM_PWM_Init)
    HAL_TIM_PWM_MspInit                      0x08004123   Thumb Code     2  stm32g4xx_hal_tim.o(i.HAL_TIM_PWM_MspInit)
    HAL_TIM_PWM_PulseFinishedCallback        0x08004125   Thumb Code     2  stm32g4xx_hal_tim.o(i.HAL_TIM_PWM_PulseFinishedCallback)
    HAL_TIM_PWM_Start                        0x08004129   Thumb Code   234  stm32g4xx_hal_tim.o(i.HAL_TIM_PWM_Start)
    HAL_TIM_PWM_Stop                         0x0800423d   Thumb Code   158  stm32g4xx_hal_tim.o(i.HAL_TIM_PWM_Stop)
    HAL_TIM_PeriodElapsedCallback            0x080042f5   Thumb Code     2  stm32g4xx_hal_tim.o(i.HAL_TIM_PeriodElapsedCallback)
    HAL_TIM_TriggerCallback                  0x080042f7   Thumb Code     2  stm32g4xx_hal_tim.o(i.HAL_TIM_TriggerCallback)
    HAL_UARTEx_DisableFifoMode               0x080042f9   Thumb Code    62  stm32g4xx_hal_uart_ex.o(i.HAL_UARTEx_DisableFifoMode)
    HAL_UARTEx_RxEventCallback               0x08004337   Thumb Code     2  stm32g4xx_hal_uart.o(i.HAL_UARTEx_RxEventCallback)
    HAL_UARTEx_RxFifoFullCallback            0x08004339   Thumb Code     2  stm32g4xx_hal_uart_ex.o(i.HAL_UARTEx_RxFifoFullCallback)
    HAL_UARTEx_SetRxFifoThreshold            0x0800433b   Thumb Code    76  stm32g4xx_hal_uart_ex.o(i.HAL_UARTEx_SetRxFifoThreshold)
    HAL_UARTEx_SetTxFifoThreshold            0x08004387   Thumb Code    76  stm32g4xx_hal_uart_ex.o(i.HAL_UARTEx_SetTxFifoThreshold)
    HAL_UARTEx_TxFifoEmptyCallback           0x080043d3   Thumb Code     2  stm32g4xx_hal_uart_ex.o(i.HAL_UARTEx_TxFifoEmptyCallback)
    HAL_UARTEx_WakeupCallback                0x080043d5   Thumb Code     2  stm32g4xx_hal_uart_ex.o(i.HAL_UARTEx_WakeupCallback)
    HAL_UART_ErrorCallback                   0x080043d7   Thumb Code     2  stm32g4xx_hal_uart.o(i.HAL_UART_ErrorCallback)
    HAL_UART_IRQHandler                      0x080043d9   Thumb Code   632  stm32g4xx_hal_uart.o(i.HAL_UART_IRQHandler)
    HAL_UART_Init                            0x0800465d   Thumb Code   106  stm32g4xx_hal_uart.o(i.HAL_UART_Init)
    HAL_UART_MspInit                         0x080046c9   Thumb Code   148  usart.o(i.HAL_UART_MspInit)
    HAL_UART_Transmit_DMA                    0x08004771   Thumb Code   140  stm32g4xx_hal_uart.o(i.HAL_UART_Transmit_DMA)
    HAL_UART_TxCpltCallback                  0x08004809   Thumb Code     2  stm32g4xx_hal_uart.o(i.HAL_UART_TxCpltCallback)
    HAL_UART_TxHalfCpltCallback              0x0800480b   Thumb Code     2  stm32g4xx_hal_uart.o(i.HAL_UART_TxHalfCpltCallback)
    HardFault_Handler                        0x0800480d   Thumb Code     2  stm32g4xx_it.o(i.HardFault_Handler)
    MX_ADC1_Init                             0x080048b5   Thumb Code   250  adc.o(i.MX_ADC1_Init)
    MX_ADC2_Init                             0x080049c5   Thumb Code   196  adc.o(i.MX_ADC2_Init)
    MX_DMA_Init                              0x08004a99   Thumb Code    56  dma.o(i.MX_DMA_Init)
    MX_GPIO_Init                             0x08004ad5   Thumb Code   154  gpio.o(i.MX_GPIO_Init)
    MX_TIM1_Init                             0x08004b7d   Thumb Code   276  tim.o(i.MX_TIM1_Init)
    MX_USART3_UART_Init                      0x08004c99   Thumb Code    92  usart.o(i.MX_USART3_UART_Init)
    MemManage_Handler                        0x08004d01   Thumb Code     2  stm32g4xx_it.o(i.MemManage_Handler)
    NMI_Handler                              0x08004d03   Thumb Code     2  stm32g4xx_it.o(i.NMI_Handler)
    PendSV_Handler                           0x08004d05   Thumb Code     2  stm32g4xx_it.o(i.PendSV_Handler)
    Plot_Data_UpLoad                         0x08004d09   Thumb Code    10  user_uploader.o(i.Plot_Data_UpLoad)
    SVC_Handler                              0x08004d1d   Thumb Code     2  stm32g4xx_it.o(i.SVC_Handler)
    SysTick_Handler                          0x08004d1f   Thumb Code     4  stm32g4xx_it.o(i.SysTick_Handler)
    SystemClock_Config                       0x08004d23   Thumb Code   132  main.o(i.SystemClock_Config)
    SystemInit                               0x08004da9   Thumb Code    12  system_stm32g4xx.o(i.SystemInit)
    TIM1_BRK_TIM15_IRQHandler                0x08004db9   Thumb Code     6  stm32g4xx_it.o(i.TIM1_BRK_TIM15_IRQHandler)
    TIM1_CC_IRQHandler                       0x08004dc5   Thumb Code     6  stm32g4xx_it.o(i.TIM1_CC_IRQHandler)
    TIM1_UP_TIM16_IRQHandler                 0x08004dd1   Thumb Code     6  stm32g4xx_it.o(i.TIM1_UP_TIM16_IRQHandler)
    TIM_Base_SetConfig                       0x08004ddd   Thumb Code   176  stm32g4xx_hal_tim.o(i.TIM_Base_SetConfig)
    TIM_CCxChannelCmd                        0x08004eb1   Thumb Code    26  stm32g4xx_hal_tim.o(i.TIM_CCxChannelCmd)
    TIM_ETR_SetConfig                        0x08004ee5   Thumb Code    20  stm32g4xx_hal_tim.o(i.TIM_ETR_SetConfig)
    TIM_OC2_SetConfig                        0x08004fb9   Thumb Code   132  stm32g4xx_hal_tim.o(i.TIM_OC2_SetConfig)
    UART_AdvFeatureConfig                    0x08005319   Thumb Code   200  stm32g4xx_hal_uart.o(i.UART_AdvFeatureConfig)
    UART_CheckIdleState                      0x080053e1   Thumb Code    96  stm32g4xx_hal_uart.o(i.UART_CheckIdleState)
    UART_SetConfig                           0x08005535   Thumb Code   618  stm32g4xx_hal_uart.o(i.UART_SetConfig)
    UART_WaitOnFlagUntilTimeout              0x080057d1   Thumb Code   164  stm32g4xx_hal_uart.o(i.UART_WaitOnFlagUntilTimeout)
    USART3_IRQHandler                        0x08005875   Thumb Code     6  stm32g4xx_it.o(i.USART3_IRQHandler)
    UsageFault_Handler                       0x08005881   Thumb Code     2  stm32g4xx_it.o(i.UsageFault_Handler)
    __ARM_fpclassifyf                        0x08005883   Thumb Code    38  fpclassifyf.o(i.__ARM_fpclassifyf)
    __hardfp_cosf                            0x080058c9   Thumb Code   280  cosf.o(i.__hardfp_cosf)
    __hardfp_floorf                          0x08005a19   Thumb Code    98  floorf.o(i.__hardfp_floorf)
    __hardfp_fmodf                           0x08005a89   Thumb Code   176  fmodf.o(i.__hardfp_fmodf)
    __hardfp_sinf                            0x08005b39   Thumb Code   344  sinf.o(i.__hardfp_sinf)
    __mathlib_flt_infnan                     0x08005cc9   Thumb Code     6  funder.o(i.__mathlib_flt_infnan)
    __mathlib_flt_invalid                    0x08005cd1   Thumb Code    10  funder.o(i.__mathlib_flt_invalid)
    __mathlib_flt_underflow                  0x08005ce1   Thumb Code    10  funder.o(i.__mathlib_flt_underflow)
    __mathlib_rredf2                         0x08005cf1   Thumb Code   316  rredf.o(i.__mathlib_rredf2)
    main                                     0x08005e45   Thumb Code   198  main.o(i.main)
    rt_modf_snf                              0x08005f6d   Thumb Code   296  foc_model.o(i.rt_modf_snf)
    __aeabi_dadd                             0x080060a1   Thumb Code     0  daddsub_clz.o(x$fpl$dadd)
    _dadd                                    0x080060a1   Thumb Code   332  daddsub_clz.o(x$fpl$dadd)
    __fpl_dcmp_Inf                           0x080061f1   Thumb Code    24  dcmpi.o(x$fpl$dcmpinf)
    __aeabi_cdcmpeq                          0x08006209   Thumb Code     0  deqf.o(x$fpl$deqf)
    _dcmpeq                                  0x08006209   Thumb Code   120  deqf.o(x$fpl$deqf)
    __aeabi_cdcmple                          0x08006281   Thumb Code     0  dleqf.o(x$fpl$dleqf)
    _dcmple                                  0x08006281   Thumb Code   120  dleqf.o(x$fpl$dleqf)
    __fpl_dcmple_InfNaN                      0x080062e3   Thumb Code     0  dleqf.o(x$fpl$dleqf)
    __fpl_dnaninf                            0x080062f9   Thumb Code   156  dnaninf.o(x$fpl$dnaninf)
    __fpl_dretinf                            0x08006395   Thumb Code    12  dretinf.o(x$fpl$dretinf)
    __aeabi_cdrcmple                         0x080063a1   Thumb Code     0  drleqf.o(x$fpl$drleqf)
    _drcmple                                 0x080063a1   Thumb Code   108  drleqf.o(x$fpl$drleqf)
    __aeabi_dsub                             0x0800640d   Thumb Code     0  daddsub_clz.o(x$fpl$dsub)
    _dsub                                    0x0800640d   Thumb Code   464  daddsub_clz.o(x$fpl$dsub)
    __aeabi_f2d                              0x080065e1   Thumb Code     0  f2d.o(x$fpl$f2d)
    _f2d                                     0x080065e1   Thumb Code    86  f2d.o(x$fpl$f2d)
    __fpl_fnaninf                            0x08006637   Thumb Code   140  fnaninf.o(x$fpl$fnaninf)
    _fp_init                                 0x080066c3   Thumb Code    10  fpinit.o(x$fpl$fpinit)
    __fplib_config_fpu_vfp                   0x080066cb   Thumb Code     0  fpinit.o(x$fpl$fpinit)
    __fplib_config_pureend_doubles           0x080066cb   Thumb Code     0  fpinit.o(x$fpl$fpinit)
    _frem                                    0x080066cd   Thumb Code   240  frem_clz.o(x$fpl$frem)
    UARTPrescTable                           0x080067c0   Data          24  stm32g4xx_hal_uart.o(.constdata)
    __I$use$fp                               0x080067c0   Number         0  usenofp.o(x$fpl$usenofp)
    AHBPrescTable                            0x080067e8   Data          16  system_stm32g4xx.o(.constdata)
    APBPrescTable                            0x080067f8   Data           8  system_stm32g4xx.o(.constdata)
    rtM                                      0x08006800   Data           4  foc_model.o(.constdata)
    Region$$Table$$Base                      0x08006824   Number         0  anon$$obj.o(Region$$Table)
    Region$$Table$$Limit                     0x08006844   Number         0  anon$$obj.o(Region$$Table)
    ADC_offset                               0x20000000   Data           1  main.o(.data)
    Motor_state                              0x20000001   Data           1  main.o(.data)
    finalspeed                               0x20000004   Data           2  main.o(.data)
    adc1_in1                                 0x20000006   Data           2  main.o(.data)
    adc1_in2                                 0x20000008   Data           2  main.o(.data)
    adc1_in3                                 0x2000000a   Data           2  main.o(.data)
    adc1_in4                                 0x2000000c   Data           2  main.o(.data)
    adc_vbus                                 0x2000000e   Data           2  main.o(.data)
    IA_Offset                                0x20000010   Data           2  main.o(.data)
    IB_Offset                                0x20000012   Data           2  main.o(.data)
    IC_Offset                                0x20000014   Data           2  main.o(.data)
    uwTickPrio                               0x2000001c   Data           4  stm32g4xx_hal.o(.data)
    uwTickFreq                               0x20000020   Data           4  stm32g4xx_hal.o(.data)
    uwTick                                   0x20000024   Data           4  stm32g4xx_hal.o(.data)
    SystemCoreClock                          0x20000028   Data           4  system_stm32g4xx.o(.data)
    ialpha                                   0x20000030   Data           4  foc_model.o(.data)
    ibeta                                    0x20000034   Data           4  foc_model.o(.data)
    ualpha                                   0x20000038   Data           4  foc_model.o(.data)
    ubeta                                    0x2000003c   Data           4  foc_model.o(.data)
    state                                    0x20000040   Data           4  foc_model.o(.data)
    rtInfF                                   0x20000044   Data           4  foc_model.o(.data)
    rtMinusInfF                              0x20000048   Data           4  foc_model.o(.data)
    rtNaNF                                   0x2000004c   Data           4  foc_model.o(.data)
    curr_kpki                                0x20000050   Data           8  foc_model.o(.data)
    spd_kpki                                 0x20000058   Data           8  foc_model.o(.data)
    rtInf                                    0x20000060   Data           8  foc_model.o(.data)
    rtMinusInf                               0x20000068   Data           8  foc_model.o(.data)
    rtNaN                                    0x20000070   Data           8  foc_model.o(.data)
    Frame_Data_type                          0x20000078   Data          32  user_uploader.o(.data)
    hadc1                                    0x20000098   Data         108  adc.o(.bss)
    hadc2                                    0x20000104   Data         108  adc.o(.bss)
    htim1                                    0x20000170   Data          76  tim.o(.bss)
    huart3                                   0x200001bc   Data         144  usart.o(.bss)
    hdma_usart3_tx                           0x2000024c   Data          96  usart.o(.bss)
    rtDW                                     0x200002b0   Data         120  foc_model.o(.bss)
    rtU                                      0x20000328   Data          24  foc_model.o(.bss)
    rtY                                      0x20000340   Data          24  foc_model.o(.bss)
    __libspace_start                         0x20000364   Data          96  libspace.o(.bss)
    __temporary_stack_top$libspace           0x200003c4   Data           0  libspace.o(.bss)



==============================================================================

Memory Map of the image

  Image Entry point : 0x080001d9

  Load Region LR_IROM1 (Base: 0x08000000, Size: 0x000068dc, Max: 0x00080000, ABSOLUTE)

    Execution Region ER_IROM1 (Base: 0x08000000, Size: 0x00006844, Max: 0x00080000, ABSOLUTE)

    Base Addr    Size         Type   Attr      Idx    E Section Name        Object

    0x08000000   0x000001d8   Data   RO            3    RESET               startup_stm32g474xx.o
    0x080001d8   0x00000008   Code   RO         4371  * !!!main             c_w.l(__main.o)
    0x080001e0   0x00000034   Code   RO         4645    !!!scatter          c_w.l(__scatter.o)
    0x08000214   0x0000001a   Code   RO         4647    !!handler_copy      c_w.l(__scatter_copy.o)
    0x0800022e   0x00000002   PAD
    0x08000230   0x0000001c   Code   RO         4649    !!handler_zi        c_w.l(__scatter_zi.o)
    0x0800024c   0x00000002   Code   RO         4518    .ARM.Collect$$libinit$$00000000  c_w.l(libinit.o)
    0x0800024e   0x00000004   Code   RO         4527    .ARM.Collect$$libinit$$00000001  c_w.l(libinit2.o)
    0x08000252   0x00000000   Code   RO         4530    .ARM.Collect$$libinit$$00000004  c_w.l(libinit2.o)
    0x08000252   0x00000000   Code   RO         4533    .ARM.Collect$$libinit$$0000000A  c_w.l(libinit2.o)
    0x08000252   0x00000000   Code   RO         4535    .ARM.Collect$$libinit$$0000000C  c_w.l(libinit2.o)
    0x08000252   0x00000000   Code   RO         4537    .ARM.Collect$$libinit$$0000000E  c_w.l(libinit2.o)
    0x08000252   0x00000000   Code   RO         4540    .ARM.Collect$$libinit$$00000011  c_w.l(libinit2.o)
    0x08000252   0x00000000   Code   RO         4542    .ARM.Collect$$libinit$$00000013  c_w.l(libinit2.o)
    0x08000252   0x00000000   Code   RO         4544    .ARM.Collect$$libinit$$00000015  c_w.l(libinit2.o)
    0x08000252   0x00000000   Code   RO         4546    .ARM.Collect$$libinit$$00000017  c_w.l(libinit2.o)
    0x08000252   0x00000000   Code   RO         4548    .ARM.Collect$$libinit$$00000019  c_w.l(libinit2.o)
    0x08000252   0x00000000   Code   RO         4550    .ARM.Collect$$libinit$$0000001B  c_w.l(libinit2.o)
    0x08000252   0x00000000   Code   RO         4552    .ARM.Collect$$libinit$$0000001D  c_w.l(libinit2.o)
    0x08000252   0x00000000   Code   RO         4554    .ARM.Collect$$libinit$$0000001F  c_w.l(libinit2.o)
    0x08000252   0x00000000   Code   RO         4556    .ARM.Collect$$libinit$$00000021  c_w.l(libinit2.o)
    0x08000252   0x00000000   Code   RO         4558    .ARM.Collect$$libinit$$00000023  c_w.l(libinit2.o)
    0x08000252   0x00000000   Code   RO         4560    .ARM.Collect$$libinit$$00000025  c_w.l(libinit2.o)
    0x08000252   0x00000000   Code   RO         4564    .ARM.Collect$$libinit$$0000002C  c_w.l(libinit2.o)
    0x08000252   0x00000000   Code   RO         4566    .ARM.Collect$$libinit$$0000002E  c_w.l(libinit2.o)
    0x08000252   0x00000000   Code   RO         4568    .ARM.Collect$$libinit$$00000030  c_w.l(libinit2.o)
    0x08000252   0x00000000   Code   RO         4570    .ARM.Collect$$libinit$$00000032  c_w.l(libinit2.o)
    0x08000252   0x00000002   Code   RO         4571    .ARM.Collect$$libinit$$00000033  c_w.l(libinit2.o)
    0x08000254   0x00000002   Code   RO         4602    .ARM.Collect$$libshutdown$$00000000  c_w.l(libshutdown.o)
    0x08000256   0x00000000   Code   RO         4628    .ARM.Collect$$libshutdown$$00000002  c_w.l(libshutdown2.o)
    0x08000256   0x00000000   Code   RO         4630    .ARM.Collect$$libshutdown$$00000004  c_w.l(libshutdown2.o)
    0x08000256   0x00000000   Code   RO         4633    .ARM.Collect$$libshutdown$$00000007  c_w.l(libshutdown2.o)
    0x08000256   0x00000000   Code   RO         4636    .ARM.Collect$$libshutdown$$0000000A  c_w.l(libshutdown2.o)
    0x08000256   0x00000000   Code   RO         4638    .ARM.Collect$$libshutdown$$0000000C  c_w.l(libshutdown2.o)
    0x08000256   0x00000000   Code   RO         4641    .ARM.Collect$$libshutdown$$0000000F  c_w.l(libshutdown2.o)
    0x08000256   0x00000002   Code   RO         4642    .ARM.Collect$$libshutdown$$00000010  c_w.l(libshutdown2.o)
    0x08000258   0x00000000   Code   RO         4437    .ARM.Collect$$rtentry$$00000000  c_w.l(__rtentry.o)
    0x08000258   0x00000000   Code   RO         4479    .ARM.Collect$$rtentry$$00000002  c_w.l(__rtentry2.o)
    0x08000258   0x00000006   Code   RO         4491    .ARM.Collect$$rtentry$$00000004  c_w.l(__rtentry4.o)
    0x0800025e   0x00000000   Code   RO         4481    .ARM.Collect$$rtentry$$00000009  c_w.l(__rtentry2.o)
    0x0800025e   0x00000004   Code   RO         4482    .ARM.Collect$$rtentry$$0000000A  c_w.l(__rtentry2.o)
    0x08000262   0x00000000   Code   RO         4484    .ARM.Collect$$rtentry$$0000000C  c_w.l(__rtentry2.o)
    0x08000262   0x00000008   Code   RO         4485    .ARM.Collect$$rtentry$$0000000D  c_w.l(__rtentry2.o)
    0x0800026a   0x00000002   Code   RO         4519    .ARM.Collect$$rtexit$$00000000  c_w.l(rtexit.o)
    0x0800026c   0x00000000   Code   RO         4575    .ARM.Collect$$rtexit$$00000002  c_w.l(rtexit2.o)
    0x0800026c   0x00000004   Code   RO         4576    .ARM.Collect$$rtexit$$00000003  c_w.l(rtexit2.o)
    0x08000270   0x00000006   Code   RO         4577    .ARM.Collect$$rtexit$$00000004  c_w.l(rtexit2.o)
    0x08000276   0x00000002   PAD
    0x08000278   0x00000040   Code   RO            4    .text               startup_stm32g474xx.o
    0x080002b8   0x000000ee   Code   RO         4365    .text               c_w.l(lludivv7m.o)
    0x080003a6   0x0000004e   Code   RO         4367    .text               c_w.l(rt_memclr_w.o)
    0x080003f4   0x00000006   Code   RO         4369    .text               c_w.l(heapauxi.o)
    0x080003fa   0x00000016   Code   RO         4442    .text               c_w.l(_rserrno.o)
    0x08000410   0x00000008   Code   RO         4498    .text               c_w.l(rt_errno_addr_intlibspace.o)
    0x08000418   0x00000008   Code   RO         4502    .text               c_w.l(libspace.o)
    0x08000420   0x0000004a   Code   RO         4505    .text               c_w.l(sys_stackheap_outer.o)
    0x0800046a   0x00000012   Code   RO         4507    .text               c_w.l(exit.o)
    0x0800047c   0x0000000c   Code   RO         4572    .text               c_w.l(sys_exit.o)
    0x08000488   0x00000002   Code   RO         4591    .text               c_w.l(use_no_semi.o)
    0x0800048a   0x00000000   Code   RO         4593    .text               c_w.l(indicate_semi.o)
    0x0800048a   0x00000002   PAD
    0x0800048c   0x0000001c   Code   RO          413    i.ADC1_2_IRQHandler  stm32g4xx_it.o
    0x080004a8   0x00000070   Code   RO          559    i.ADC_Disable       stm32g4xx_hal_adc.o
    0x08000518   0x00000074   Code   RO          560    i.ADC_Enable        stm32g4xx_hal_adc.o
    0x0800058c   0x00000002   Code   RO          414    i.BusFault_Handler  stm32g4xx_it.o
    0x0800058e   0x00000002   PAD
    0x08000590   0x0000000c   Code   RO          415    i.DMA1_Channel1_IRQHandler  stm32g4xx_it.o
    0x0800059c   0x00000040   Code   RO         1851    i.DMA_CalcDMAMUXChannelBaseAndMask  stm32g4xx_hal_dma.o
    0x080005dc   0x00000024   Code   RO         1852    i.DMA_CalcDMAMUXRequestGenBaseAndMask  stm32g4xx_hal_dma.o
    0x08000600   0x0000003e   Code   RO         1853    i.DMA_SetConfig     stm32g4xx_hal_dma.o
    0x0800063e   0x00000002   Code   RO          416    i.DebugMon_Handler  stm32g4xx_it.o
    0x08000640   0x00000022   Code   RO          417    i.EXTI9_5_IRQHandler  stm32g4xx_it.o
    0x08000662   0x00000004   Code   RO           13    i.Error_Handler     main.o
    0x08000666   0x00000002   PAD
    0x08000668   0x00000aec   Code   RO         4206    i.FOC_Model_step    foc_model.o
    0x08001154   0x00000094   Code   RO          793    i.HAL_ADCEx_Calibration_Start  stm32g4xx_hal_adc_ex.o
    0x080011e8   0x00000002   Code   RO          797    i.HAL_ADCEx_EndOfSamplingCallback  stm32g4xx_hal_adc_ex.o
    0x080011ea   0x00000002   PAD
    0x080011ec   0x00000560   Code   RO          799    i.HAL_ADCEx_InjectedConfigChannel  stm32g4xx_hal_adc_ex.o
    0x0800174c   0x00000144   Code   RO           14    i.HAL_ADCEx_InjectedConvCpltCallback  main.o
    0x08001890   0x00000002   Code   RO          803    i.HAL_ADCEx_InjectedQueueOverflowCallback  stm32g4xx_hal_adc_ex.o
    0x08001892   0x00000002   PAD
    0x08001894   0x00000120   Code   RO          804    i.HAL_ADCEx_InjectedStart  stm32g4xx_hal_adc_ex.o
    0x080019b4   0x00000158   Code   RO          805    i.HAL_ADCEx_InjectedStart_IT  stm32g4xx_hal_adc_ex.o
    0x08001b0c   0x00000002   Code   RO          808    i.HAL_ADCEx_LevelOutOfWindow2Callback  stm32g4xx_hal_adc_ex.o
    0x08001b0e   0x00000002   Code   RO          809    i.HAL_ADCEx_LevelOutOfWindow3Callback  stm32g4xx_hal_adc_ex.o
    0x08001b10   0x0000015c   Code   RO          810    i.HAL_ADCEx_MultiModeConfigChannel  stm32g4xx_hal_adc_ex.o
    0x08001c6c   0x0000046c   Code   RO          562    i.HAL_ADC_ConfigChannel  stm32g4xx_hal_adc.o
    0x080020d8   0x00000002   Code   RO          563    i.HAL_ADC_ConvCpltCallback  stm32g4xx_hal_adc.o
    0x080020da   0x00000002   Code   RO          566    i.HAL_ADC_ErrorCallback  stm32g4xx_hal_adc.o
    0x080020dc   0x000002b8   Code   RO          570    i.HAL_ADC_IRQHandler  stm32g4xx_hal_adc.o
    0x08002394   0x00000238   Code   RO          571    i.HAL_ADC_Init      stm32g4xx_hal_adc.o
    0x080025cc   0x00000002   Code   RO          572    i.HAL_ADC_LevelOutOfWindowCallback  stm32g4xx_hal_adc.o
    0x080025ce   0x00000002   PAD
    0x080025d0   0x000000bc   Code   RO          239    i.HAL_ADC_MspInit   adc.o
    0x0800268c   0x0000006a   Code   RO         1854    i.HAL_DMA_Abort     stm32g4xx_hal_dma.o
    0x080026f6   0x00000078   Code   RO         1855    i.HAL_DMA_Abort_IT  stm32g4xx_hal_dma.o
    0x0800276e   0x000000ba   Code   RO         1859    i.HAL_DMA_IRQHandler  stm32g4xx_hal_dma.o
    0x08002828   0x000000c0   Code   RO         1860    i.HAL_DMA_Init      stm32g4xx_hal_dma.o
    0x080028e8   0x0000008c   Code   RO         1864    i.HAL_DMA_Start_IT  stm32g4xx_hal_dma.o
    0x08002974   0x00000024   Code   RO         1009    i.HAL_Delay         stm32g4xx_hal.o
    0x08002998   0x000000d0   Code   RO           15    i.HAL_GPIO_EXTI_Callback  main.o
    0x08002a68   0x00000018   Code   RO         1715    i.HAL_GPIO_EXTI_IRQHandler  stm32g4xx_hal_gpio.o
    0x08002a80   0x000001c8   Code   RO         1716    i.HAL_GPIO_Init     stm32g4xx_hal_gpio.o
    0x08002c48   0x00000010   Code   RO         1719    i.HAL_GPIO_TogglePin  stm32g4xx_hal_gpio.o
    0x08002c58   0x0000000a   Code   RO         1720    i.HAL_GPIO_WritePin  stm32g4xx_hal_gpio.o
    0x08002c62   0x00000002   PAD
    0x08002c64   0x0000000c   Code   RO         1013    i.HAL_GetTick       stm32g4xx_hal.o
    0x08002c70   0x00000010   Code   RO         1016    i.HAL_IncTick       stm32g4xx_hal.o
    0x08002c80   0x0000001e   Code   RO         1017    i.HAL_Init          stm32g4xx_hal.o
    0x08002c9e   0x00000002   PAD
    0x08002ca0   0x00000044   Code   RO         1018    i.HAL_InitTick      stm32g4xx_hal.o
    0x08002ce4   0x00000030   Code   RO          531    i.HAL_MspInit       stm32g4xx_hal_msp.o
    0x08002d14   0x0000001a   Code   RO         2363    i.HAL_NVIC_EnableIRQ  stm32g4xx_hal_cortex.o
    0x08002d2e   0x00000002   PAD
    0x08002d30   0x00000040   Code   RO         2369    i.HAL_NVIC_SetPriority  stm32g4xx_hal_cortex.o
    0x08002d70   0x00000024   Code   RO         2370    i.HAL_NVIC_SetPriorityGrouping  stm32g4xx_hal_cortex.o
    0x08002d94   0x000000bc   Code   RO         2119    i.HAL_PWREx_ControlVoltageScaling  stm32g4xx_hal_pwr_ex.o
    0x08002e50   0x00000010   Code   RO         2131    i.HAL_PWREx_DisableUCPDDeadBattery  stm32g4xx_hal_pwr_ex.o
    0x08002e60   0x00000300   Code   RO         1362    i.HAL_RCCEx_PeriphCLKConfig  stm32g4xx_hal_rcc_ex.o
    0x08003160   0x000001dc   Code   RO         1237    i.HAL_RCC_ClockConfig  stm32g4xx_hal_rcc.o
    0x0800333c   0x00000024   Code   RO         1245    i.HAL_RCC_GetPCLK1Freq  stm32g4xx_hal_rcc.o
    0x08003360   0x00000024   Code   RO         1246    i.HAL_RCC_GetPCLK2Freq  stm32g4xx_hal_rcc.o
    0x08003384   0x0000006c   Code   RO         1247    i.HAL_RCC_GetSysClockFreq  stm32g4xx_hal_rcc.o
    0x080033f0   0x0000040c   Code   RO         1250    i.HAL_RCC_OscConfig  stm32g4xx_hal_rcc.o
    0x080037fc   0x00000028   Code   RO         2374    i.HAL_SYSTICK_Config  stm32g4xx_hal_cortex.o
    0x08003824   0x00000002   Code   RO         3209    i.HAL_TIMEx_Break2Callback  stm32g4xx_hal_tim_ex.o
    0x08003826   0x00000002   Code   RO         3210    i.HAL_TIMEx_BreakCallback  stm32g4xx_hal_tim_ex.o
    0x08003828   0x00000002   Code   RO         3211    i.HAL_TIMEx_CommutCallback  stm32g4xx_hal_tim_ex.o
    0x0800382a   0x00000002   PAD
    0x0800382c   0x000000cc   Code   RO         3214    i.HAL_TIMEx_ConfigBreakDeadTime  stm32g4xx_hal_tim_ex.o
    0x080038f8   0x00000002   Code   RO         3222    i.HAL_TIMEx_DirectionChangeCallback  stm32g4xx_hal_tim_ex.o
    0x080038fa   0x00000002   Code   RO         3236    i.HAL_TIMEx_EncoderIndexCallback  stm32g4xx_hal_tim_ex.o
    0x080038fc   0x00000002   Code   RO         3250    i.HAL_TIMEx_IndexErrorCallback  stm32g4xx_hal_tim_ex.o
    0x080038fe   0x00000002   PAD
    0x08003900   0x000000b8   Code   RO         3251    i.HAL_TIMEx_MasterConfigSynchronization  stm32g4xx_hal_tim_ex.o
    0x080039b8   0x000000cc   Code   RO         3263    i.HAL_TIMEx_PWMN_Start  stm32g4xx_hal_tim_ex.o
    0x08003a84   0x00000068   Code   RO         3266    i.HAL_TIMEx_PWMN_Stop  stm32g4xx_hal_tim_ex.o
    0x08003aec   0x00000002   Code   RO         3272    i.HAL_TIMEx_TransitionErrorCallback  stm32g4xx_hal_tim_ex.o
    0x08003aee   0x00000062   Code   RO         2495    i.HAL_TIM_Base_Init  stm32g4xx_hal_tim.o
    0x08003b50   0x0000005c   Code   RO          312    i.HAL_TIM_Base_MspInit  tim.o
    0x08003bac   0x00000080   Code   RO         2498    i.HAL_TIM_Base_Start  stm32g4xx_hal_tim.o
    0x08003c2c   0x000000e0   Code   RO         2504    i.HAL_TIM_ConfigClockSource  stm32g4xx_hal_tim.o
    0x08003d0c   0x00000002   Code   RO         2529    i.HAL_TIM_IC_CaptureCallback  stm32g4xx_hal_tim.o
    0x08003d0e   0x000001fc   Code   RO         2543    i.HAL_TIM_IRQHandler  stm32g4xx_hal_tim.o
    0x08003f0a   0x00000002   PAD
    0x08003f0c   0x00000094   Code   RO          313    i.HAL_TIM_MspPostInit  tim.o
    0x08003fa0   0x00000002   Code   RO         2546    i.HAL_TIM_OC_DelayElapsedCallback  stm32g4xx_hal_tim.o
    0x08003fa2   0x0000011e   Code   RO         2567    i.HAL_TIM_PWM_ConfigChannel  stm32g4xx_hal_tim.o
    0x080040c0   0x00000062   Code   RO         2570    i.HAL_TIM_PWM_Init  stm32g4xx_hal_tim.o
    0x08004122   0x00000002   Code   RO         2572    i.HAL_TIM_PWM_MspInit  stm32g4xx_hal_tim.o
    0x08004124   0x00000002   Code   RO         2573    i.HAL_TIM_PWM_PulseFinishedCallback  stm32g4xx_hal_tim.o
    0x08004126   0x00000002   PAD
    0x08004128   0x00000114   Code   RO         2575    i.HAL_TIM_PWM_Start  stm32g4xx_hal_tim.o
    0x0800423c   0x000000b8   Code   RO         2578    i.HAL_TIM_PWM_Stop  stm32g4xx_hal_tim.o
    0x080042f4   0x00000002   Code   RO         2581    i.HAL_TIM_PeriodElapsedCallback  stm32g4xx_hal_tim.o
    0x080042f6   0x00000002   Code   RO         2586    i.HAL_TIM_TriggerCallback  stm32g4xx_hal_tim.o
    0x080042f8   0x0000003e   Code   RO         4058    i.HAL_UARTEx_DisableFifoMode  stm32g4xx_hal_uart_ex.o
    0x08004336   0x00000002   Code   RO         3647    i.HAL_UARTEx_RxEventCallback  stm32g4xx_hal_uart.o
    0x08004338   0x00000002   Code   RO         4065    i.HAL_UARTEx_RxFifoFullCallback  stm32g4xx_hal_uart_ex.o
    0x0800433a   0x0000004c   Code   RO         4066    i.HAL_UARTEx_SetRxFifoThreshold  stm32g4xx_hal_uart_ex.o
    0x08004386   0x0000004c   Code   RO         4067    i.HAL_UARTEx_SetTxFifoThreshold  stm32g4xx_hal_uart_ex.o
    0x080043d2   0x00000002   Code   RO         4069    i.HAL_UARTEx_TxFifoEmptyCallback  stm32g4xx_hal_uart_ex.o
    0x080043d4   0x00000002   Code   RO         4070    i.HAL_UARTEx_WakeupCallback  stm32g4xx_hal_uart_ex.o
    0x080043d6   0x00000002   Code   RO         3663    i.HAL_UART_ErrorCallback  stm32g4xx_hal_uart.o
    0x080043d8   0x00000284   Code   RO         3666    i.HAL_UART_IRQHandler  stm32g4xx_hal_uart.o
    0x0800465c   0x0000006a   Code   RO         3667    i.HAL_UART_Init     stm32g4xx_hal_uart.o
    0x080046c6   0x00000002   PAD
    0x080046c8   0x000000a8   Code   RO          360    i.HAL_UART_MspInit  usart.o
    0x08004770   0x00000098   Code   RO         3677    i.HAL_UART_Transmit_DMA  stm32g4xx_hal_uart.o
    0x08004808   0x00000002   Code   RO         3679    i.HAL_UART_TxCpltCallback  stm32g4xx_hal_uart.o
    0x0800480a   0x00000002   Code   RO         3680    i.HAL_UART_TxHalfCpltCallback  stm32g4xx_hal_uart.o
    0x0800480c   0x00000002   Code   RO          418    i.HardFault_Handler  stm32g4xx_it.o
    0x0800480e   0x0000000c   Code   RO          585    i.LL_ADC_GetOffsetChannel  stm32g4xx_hal_adc.o
    0x0800481a   0x0000000c   Code   RO          818    i.LL_ADC_GetOffsetChannel  stm32g4xx_hal_adc_ex.o
    0x08004826   0x00000008   Code   RO          586    i.LL_ADC_INJ_IsConversionOngoing  stm32g4xx_hal_adc.o
    0x0800482e   0x00000008   Code   RO          819    i.LL_ADC_INJ_IsConversionOngoing  stm32g4xx_hal_adc_ex.o
    0x08004836   0x00000008   Code   RO          587    i.LL_ADC_REG_IsConversionOngoing  stm32g4xx_hal_adc.o
    0x0800483e   0x00000008   Code   RO          820    i.LL_ADC_REG_IsConversionOngoing  stm32g4xx_hal_adc_ex.o
    0x08004846   0x00000010   Code   RO          588    i.LL_ADC_REG_IsTriggerSourceSWStart  stm32g4xx_hal_adc.o
    0x08004856   0x0000001e   Code   RO          590    i.LL_ADC_SetChannelSamplingTime  stm32g4xx_hal_adc.o
    0x08004874   0x0000001e   Code   RO          821    i.LL_ADC_SetChannelSamplingTime  stm32g4xx_hal_adc_ex.o
    0x08004892   0x00000010   Code   RO          591    i.LL_ADC_SetOffsetState  stm32g4xx_hal_adc.o
    0x080048a2   0x00000010   Code   RO          822    i.LL_ADC_SetOffsetState  stm32g4xx_hal_adc_ex.o
    0x080048b2   0x00000002   PAD
    0x080048b4   0x00000110   Code   RO          240    i.MX_ADC1_Init      adc.o
    0x080049c4   0x000000d4   Code   RO          241    i.MX_ADC2_Init      adc.o
    0x08004a98   0x0000003c   Code   RO          287    i.MX_DMA_Init       dma.o
    0x08004ad4   0x000000a8   Code   RO          214    i.MX_GPIO_Init      gpio.o
    0x08004b7c   0x0000011c   Code   RO          314    i.MX_TIM1_Init      tim.o
    0x08004c98   0x00000068   Code   RO          361    i.MX_USART3_UART_Init  usart.o
    0x08004d00   0x00000002   Code   RO          419    i.MemManage_Handler  stm32g4xx_it.o
    0x08004d02   0x00000002   Code   RO          420    i.NMI_Handler       stm32g4xx_it.o
    0x08004d04   0x00000002   Code   RO          421    i.PendSV_Handler    stm32g4xx_it.o
    0x08004d06   0x00000002   PAD
    0x08004d08   0x00000014   Code   RO         4335    i.Plot_Data_UpLoad  user_uploader.o
    0x08004d1c   0x00000002   Code   RO          422    i.SVC_Handler       stm32g4xx_it.o
    0x08004d1e   0x00000004   Code   RO          423    i.SysTick_Handler   stm32g4xx_it.o
    0x08004d22   0x00000084   Code   RO           16    i.SystemClock_Config  main.o
    0x08004da6   0x00000002   PAD
    0x08004da8   0x00000010   Code   RO         4171    i.SystemInit        system_stm32g4xx.o
    0x08004db8   0x0000000c   Code   RO          424    i.TIM1_BRK_TIM15_IRQHandler  stm32g4xx_it.o
    0x08004dc4   0x0000000c   Code   RO          425    i.TIM1_CC_IRQHandler  stm32g4xx_it.o
    0x08004dd0   0x0000000c   Code   RO          426    i.TIM1_UP_TIM16_IRQHandler  stm32g4xx_it.o
    0x08004ddc   0x000000d4   Code   RO         2588    i.TIM_Base_SetConfig  stm32g4xx_hal_tim.o
    0x08004eb0   0x0000001a   Code   RO         2589    i.TIM_CCxChannelCmd  stm32g4xx_hal_tim.o
    0x08004eca   0x0000001a   Code   RO         3275    i.TIM_CCxNChannelCmd  stm32g4xx_hal_tim_ex.o
    0x08004ee4   0x00000014   Code   RO         2599    i.TIM_ETR_SetConfig  stm32g4xx_hal_tim.o
    0x08004ef8   0x00000014   Code   RO         2600    i.TIM_ITRx_SetConfig  stm32g4xx_hal_tim.o
    0x08004f0c   0x000000ac   Code   RO         2601    i.TIM_OC1_SetConfig  stm32g4xx_hal_tim.o
    0x08004fb8   0x000000a0   Code   RO         2602    i.TIM_OC2_SetConfig  stm32g4xx_hal_tim.o
    0x08005058   0x000000a0   Code   RO         2603    i.TIM_OC3_SetConfig  stm32g4xx_hal_tim.o
    0x080050f8   0x000000a0   Code   RO         2604    i.TIM_OC4_SetConfig  stm32g4xx_hal_tim.o
    0x08005198   0x00000078   Code   RO         2605    i.TIM_OC5_SetConfig  stm32g4xx_hal_tim.o
    0x08005210   0x0000007c   Code   RO         2606    i.TIM_OC6_SetConfig  stm32g4xx_hal_tim.o
    0x0800528c   0x00000022   Code   RO         2608    i.TIM_TI1_ConfigInputStage  stm32g4xx_hal_tim.o
    0x080052ae   0x00000024   Code   RO         2610    i.TIM_TI2_ConfigInputStage  stm32g4xx_hal_tim.o
    0x080052d2   0x00000002   PAD
    0x080052d4   0x00000044   Code   RO         4071    i.UARTEx_SetNbDataToProcess  stm32g4xx_hal_uart_ex.o
    0x08005318   0x000000c8   Code   RO         3681    i.UART_AdvFeatureConfig  stm32g4xx_hal_uart.o
    0x080053e0   0x00000060   Code   RO         3682    i.UART_CheckIdleState  stm32g4xx_hal_uart.o
    0x08005440   0x00000014   Code   RO         3683    i.UART_DMAAbortOnError  stm32g4xx_hal_uart.o
    0x08005454   0x00000050   Code   RO         3684    i.UART_DMAError     stm32g4xx_hal_uart.o
    0x080054a4   0x00000030   Code   RO         3689    i.UART_DMATransmitCplt  stm32g4xx_hal_uart.o
    0x080054d4   0x0000000a   Code   RO         3691    i.UART_DMATxHalfCplt  stm32g4xx_hal_uart.o
    0x080054de   0x00000002   PAD
    0x080054e0   0x00000038   Code   RO         3693    i.UART_EndRxTransfer  stm32g4xx_hal_uart.o
    0x08005518   0x0000001c   Code   RO         3694    i.UART_EndTxTransfer  stm32g4xx_hal_uart.o
    0x08005534   0x0000029c   Code   RO         3699    i.UART_SetConfig    stm32g4xx_hal_uart.o
    0x080057d0   0x000000a4   Code   RO         3706    i.UART_WaitOnFlagUntilTimeout  stm32g4xx_hal_uart.o
    0x08005874   0x0000000c   Code   RO          427    i.USART3_IRQHandler  stm32g4xx_it.o
    0x08005880   0x00000002   Code   RO          428    i.UsageFault_Handler  stm32g4xx_it.o
    0x08005882   0x00000026   Code   RO         4459    i.__ARM_fpclassifyf  m_wm.l(fpclassifyf.o)
    0x080058a8   0x00000020   Code   RO         2376    i.__NVIC_SetPriority  stm32g4xx_hal_cortex.o
    0x080058c8   0x00000150   Code   RO         4387    i.__hardfp_cosf     m_wm.l(cosf.o)
    0x08005a18   0x00000070   Code   RO         4399    i.__hardfp_floorf   m_wm.l(floorf.o)
    0x08005a88   0x000000b0   Code   RO         4405    i.__hardfp_fmodf    m_wm.l(fmodf.o)
    0x08005b38   0x00000190   Code   RO         4417    i.__hardfp_sinf     m_wm.l(sinf.o)
    0x08005cc8   0x00000006   Code   RO         4462    i.__mathlib_flt_infnan  m_wm.l(funder.o)
    0x08005cce   0x00000002   PAD
    0x08005cd0   0x00000010   Code   RO         4464    i.__mathlib_flt_invalid  m_wm.l(funder.o)
    0x08005ce0   0x00000010   Code   RO         4467    i.__mathlib_flt_underflow  m_wm.l(funder.o)
    0x08005cf0   0x00000154   Code   RO         4475    i.__mathlib_rredf2  m_wm.l(rredf.o)
    0x08005e44   0x000000e4   Code   RO           17    i.main              main.o
    0x08005f28   0x0000002c   Code   RO         4208    i.rtIsInfF          foc_model.o
    0x08005f54   0x00000018   Code   RO         4209    i.rtIsNaNF          foc_model.o
    0x08005f6c   0x00000134   Code   RO         4211    i.rt_modf_snf       foc_model.o
    0x080060a0   0x00000150   Code   RO         4373    x$fpl$dadd          fz_wm.l(daddsub_clz.o)
    0x080061f0   0x00000018   Code   RO         4444    x$fpl$dcmpinf       fz_wm.l(dcmpi.o)
    0x08006208   0x00000078   Code   RO         4379    x$fpl$deqf          fz_wm.l(deqf.o)
    0x08006280   0x00000078   Code   RO         4381    x$fpl$dleqf         fz_wm.l(dleqf.o)
    0x080062f8   0x0000009c   Code   RO         4446    x$fpl$dnaninf       fz_wm.l(dnaninf.o)
    0x08006394   0x0000000c   Code   RO         4448    x$fpl$dretinf       fz_wm.l(dretinf.o)
    0x080063a0   0x0000006c   Code   RO         4383    x$fpl$drleqf        fz_wm.l(drleqf.o)
    0x0800640c   0x000001d4   Code   RO         4375    x$fpl$dsub          fz_wm.l(daddsub_clz.o)
    0x080065e0   0x00000056   Code   RO         4385    x$fpl$f2d           fz_wm.l(f2d.o)
    0x08006636   0x0000008c   Code   RO         4454    x$fpl$fnaninf       fz_wm.l(fnaninf.o)
    0x080066c2   0x0000000a   Code   RO         4587    x$fpl$fpinit        fz_wm.l(fpinit.o)
    0x080066cc   0x000000f4   Code   RO         4456    x$fpl$frem          fz_wm.l(frem_clz.o)
    0x080067c0   0x00000000   Code   RO         4458    x$fpl$usenofp       fz_wm.l(usenofp.o)
    0x080067c0   0x00000018   Data   RO         3707    .constdata          stm32g4xx_hal_uart.o
    0x080067d8   0x00000010   Data   RO         4072    .constdata          stm32g4xx_hal_uart_ex.o
    0x080067e8   0x00000010   Data   RO         4172    .constdata          system_stm32g4xx.o
    0x080067f8   0x00000008   Data   RO         4173    .constdata          system_stm32g4xx.o
    0x08006800   0x00000004   Data   RO         4214    .constdata          foc_model.o
    0x08006804   0x00000020   Data   RO         4476    .constdata          m_wm.l(rredf.o)
    0x08006824   0x00000020   Data   RO         4643    Region$$Table       anon$$obj.o


    Execution Region RW_IRAM1 (Base: 0x20000000, Size: 0x000009c8, Max: 0x00020000, ABSOLUTE)

    Base Addr    Size         Type   Attr      Idx    E Section Name        Object

    0x20000000   0x00000016   Data   RW           20    .data               main.o
    0x20000016   0x00000002   PAD
    0x20000018   0x00000004   Data   RW          243    .data               adc.o
    0x2000001c   0x0000000c   Data   RW         1037    .data               stm32g4xx_hal.o
    0x20000028   0x00000004   Data   RW         4174    .data               system_stm32g4xx.o
    0x2000002c   0x00000004   PAD
    0x20000030   0x00000048   Data   RW         4215    .data               foc_model.o
    0x20000078   0x00000020   Data   RW         4337    .data               user_uploader.o
    0x20000098   0x000000d8   Zero   RW          242    .bss                adc.o
    0x20000170   0x0000004c   Zero   RW          315    .bss                tim.o
    0x200001bc   0x000000f0   Zero   RW          364    .bss                usart.o
    0x200002ac   0x00000004   PAD
    0x200002b0   0x000000a8   Zero   RW         4212    .bss                foc_model.o
    0x20000358   0x0000000c   Zero   RW         4213    .bss                foc_model.o
    0x20000364   0x00000060   Zero   RW         4503    .bss                c_w.l(libspace.o)
    0x200003c4   0x00000004   PAD
    0x200003c8   0x00000200   Zero   RW            2    HEAP                startup_stm32g474xx.o
    0x200005c8   0x00000400   Zero   RW            1    STACK               startup_stm32g474xx.o


==============================================================================

Image component sizes


      Code (inc. data)   RO Data    RW Data    ZI Data      Debug   Object Name

       672         56          0          4        216       2778   adc.o
        60          4          0          0          0        802   dma.o
      3172        268          4         72        180      10334   foc_model.o
       168         14          0          0          0        971   gpio.o
       896         78          0         22          0     910166   main.o
        64         26        472          0       1536        840   startup_stm32g474xx.o
       162         24          0         12          0       4297   stm32g4xx_hal.o
      2720        148          0          0          0      80245   stm32g4xx_hal_adc.o
      2586        154          0          0          0      80178   stm32g4xx_hal_adc_ex.o
       198         14          0          0          0      33811   stm32g4xx_hal_cortex.o
       906         30          0          0          0       6534   stm32g4xx_hal_dma.o
       506         40          0          0          0       3696   stm32g4xx_hal_gpio.o
        48          6          0          0          0        854   stm32g4xx_hal_msp.o
       204         18          0          0          0       1397   stm32g4xx_hal_pwr_ex.o
      1692         88          0          0          0       5952   stm32g4xx_hal_rcc.o
       768         10          0          0          0       1952   stm32g4xx_hal_rcc_ex.o
      3058        316          0          0          0      19950   stm32g4xx_hal_tim.o
       736         80          0          0          0       8521   stm32g4xx_hal_tim_ex.o
      2280        100         24          0          0      32546   stm32g4xx_hal_uart.o
       288          6         16          0          0       5326   stm32g4xx_hal_uart_ex.o
       142         40          0          0          0       7522   stm32g4xx_it.o
        16          4         24          4          0       1115   system_stm32g4xx.o
       524         30          0          0         76       2596   tim.o
       272         32          0          0        240       1833   usart.o
        20         10          0         32          0       2152   user_uploader.o

    ----------------------------------------------------------------------
     22194       1596        572        152       2252    1226368   Object Totals
         0          0         32          0          0          0   (incl. Generated)
        36          0          0          6          4          0   (incl. Padding)

    ----------------------------------------------------------------------

      Code (inc. data)   RO Data    RW Data    ZI Data      Debug   Library Member Name

         8          0          0          0          0         68   __main.o
         0          0          0          0          0          0   __rtentry.o
        12          0          0          0          0          0   __rtentry2.o
         6          0          0          0          0          0   __rtentry4.o
        52          8          0          0          0          0   __scatter.o
        26          0          0          0          0          0   __scatter_copy.o
        28          0          0          0          0          0   __scatter_zi.o
        22          0          0          0          0        100   _rserrno.o
        18          0          0          0          0         80   exit.o
         6          0          0          0          0        152   heapauxi.o
         0          0          0          0          0          0   indicate_semi.o
         2          0          0          0          0          0   libinit.o
         6          0          0          0          0          0   libinit2.o
         2          0          0          0          0          0   libshutdown.o
         2          0          0          0          0          0   libshutdown2.o
         8          4          0          0         96         68   libspace.o
       238          0          0          0          0        100   lludivv7m.o
         8          4          0          0          0         68   rt_errno_addr_intlibspace.o
        78          0          0          0          0         80   rt_memclr_w.o
         2          0          0          0          0          0   rtexit.o
        10          0          0          0          0          0   rtexit2.o
        12          4          0          0          0         68   sys_exit.o
        74          0          0          0          0         80   sys_stackheap_outer.o
         2          0          0          0          0         68   use_no_semi.o
       804         16          0          0          0        368   daddsub_clz.o
        24          0          0          0          0        116   dcmpi.o
       120          4          0          0          0        140   deqf.o
       120          4          0          0          0        140   dleqf.o
       156          4          0          0          0        140   dnaninf.o
        12          0          0          0          0        116   dretinf.o
       108          0          0          0          0        128   drleqf.o
        86          4          0          0          0        132   f2d.o
       140          4          0          0          0        132   fnaninf.o
        10          0          0          0          0        116   fpinit.o
       244          8          0          0          0        132   frem_clz.o
         0          0          0          0          0          0   usenofp.o
       336         56          0          0          0        136   cosf.o
       112         14          0          0          0        116   floorf.o
       176          0          0          0          0        168   fmodf.o
        38          0          0          0          0        116   fpclassifyf.o
        38         12          0          0          0        348   funder.o
       340         24         32          0          0        160   rredf.o
       400         56          0          0          0        212   sinf.o

    ----------------------------------------------------------------------
      3894        226         32          0        100       3848   Library Totals
         8          0          0          0          4          0   (incl. Padding)

    ----------------------------------------------------------------------

      Code (inc. data)   RO Data    RW Data    ZI Data      Debug   Library Name

       622         20          0          0         96        932   c_w.l
      1824         44          0          0          0       1660   fz_wm.l
      1440        162         32          0          0       1256   m_wm.l

    ----------------------------------------------------------------------
      3894        226         32          0        100       3848   Library Totals

    ----------------------------------------------------------------------

==============================================================================


      Code (inc. data)   RO Data    RW Data    ZI Data      Debug   

     26088       1822        604        152       2352    1212652   Grand Totals
     26088       1822        604        152       2352    1212652   ELF Image Totals
     26088       1822        604        152          0          0   ROM Totals

==============================================================================

    Total RO  Size (Code + RO Data)                26692 (  26.07kB)
    Total RW  Size (RW Data + ZI Data)              2504 (   2.45kB)
    Total ROM Size (Code + RO Data + RW Data)      26844 (  26.21kB)

==============================================================================

